Archive member included to satisfy reference by file (symbol)

/home/tjinmaij/eclipse/GCC ARM/gcc-arm-none-eabi-8-2018-q4-major/bin/../lib/gcc/arm-none-eabi/8.2.1/../../../../arm-none-eabi/lib/thumb/v7e-m/nofp/libg_nano.a(lib_a-errno.o)
                              ./system/src/newlib/_sbrk.o (__errno)
/home/tjinmaij/eclipse/GCC ARM/gcc-arm-none-eabi-8-2018-q4-major/bin/../lib/gcc/arm-none-eabi/8.2.1/../../../../arm-none-eabi/lib/thumb/v7e-m/nofp/libg_nano.a(lib_a-impure.o)
                              /home/tjinmaij/eclipse/GCC ARM/gcc-arm-none-eabi-8-2018-q4-major/bin/../lib/gcc/arm-none-eabi/8.2.1/../../../../arm-none-eabi/lib/thumb/v7e-m/nofp/libg_nano.a(lib_a-errno.o) (_impure_ptr)
/home/tjinmaij/eclipse/GCC ARM/gcc-arm-none-eabi-8-2018-q4-major/bin/../lib/gcc/arm-none-eabi/8.2.1/../../../../arm-none-eabi/lib/thumb/v7e-m/nofp/libg_nano.a(lib_a-memset.o)
                              ./src/main.o (memset)
/home/tjinmaij/eclipse/GCC ARM/gcc-arm-none-eabi-8-2018-q4-major/bin/../lib/gcc/arm-none-eabi/8.2.1/../../../../arm-none-eabi/lib/thumb/v7e-m/nofp/libg_nano.a(lib_a-sprintf.o)
                              ./src/main.o (sprintf)
/home/tjinmaij/eclipse/GCC ARM/gcc-arm-none-eabi-8-2018-q4-major/bin/../lib/gcc/arm-none-eabi/8.2.1/../../../../arm-none-eabi/lib/thumb/v7e-m/nofp/libg_nano.a(lib_a-strlen.o)
                              ./system/src/diag/Trace.o (strlen)
/home/tjinmaij/eclipse/GCC ARM/gcc-arm-none-eabi-8-2018-q4-major/bin/../lib/gcc/arm-none-eabi/8.2.1/../../../../arm-none-eabi/lib/thumb/v7e-m/nofp/libg_nano.a(lib_a-vsnprintf.o)
                              ./system/src/diag/Trace.o (vsnprintf)
/home/tjinmaij/eclipse/GCC ARM/gcc-arm-none-eabi-8-2018-q4-major/bin/../lib/gcc/arm-none-eabi/8.2.1/../../../../arm-none-eabi/lib/thumb/v7e-m/nofp/libg_nano.a(lib_a-nano-svfprintf.o)
                              /home/tjinmaij/eclipse/GCC ARM/gcc-arm-none-eabi-8-2018-q4-major/bin/../lib/gcc/arm-none-eabi/8.2.1/../../../../arm-none-eabi/lib/thumb/v7e-m/nofp/libg_nano.a(lib_a-sprintf.o) (_svfprintf_r)
/home/tjinmaij/eclipse/GCC ARM/gcc-arm-none-eabi-8-2018-q4-major/bin/../lib/gcc/arm-none-eabi/8.2.1/../../../../arm-none-eabi/lib/thumb/v7e-m/nofp/libg_nano.a(lib_a-nano-vfprintf_i.o)
                              /home/tjinmaij/eclipse/GCC ARM/gcc-arm-none-eabi-8-2018-q4-major/bin/../lib/gcc/arm-none-eabi/8.2.1/../../../../arm-none-eabi/lib/thumb/v7e-m/nofp/libg_nano.a(lib_a-nano-svfprintf.o) (_printf_i)
/home/tjinmaij/eclipse/GCC ARM/gcc-arm-none-eabi-8-2018-q4-major/bin/../lib/gcc/arm-none-eabi/8.2.1/../../../../arm-none-eabi/lib/thumb/v7e-m/nofp/libg_nano.a(lib_a-memchr.o)
                              /home/tjinmaij/eclipse/GCC ARM/gcc-arm-none-eabi-8-2018-q4-major/bin/../lib/gcc/arm-none-eabi/8.2.1/../../../../arm-none-eabi/lib/thumb/v7e-m/nofp/libg_nano.a(lib_a-nano-svfprintf.o) (memchr)
/home/tjinmaij/eclipse/GCC ARM/gcc-arm-none-eabi-8-2018-q4-major/bin/../lib/gcc/arm-none-eabi/8.2.1/../../../../arm-none-eabi/lib/thumb/v7e-m/nofp/libg_nano.a(lib_a-memcpy-stub.o)
                              /home/tjinmaij/eclipse/GCC ARM/gcc-arm-none-eabi-8-2018-q4-major/bin/../lib/gcc/arm-none-eabi/8.2.1/../../../../arm-none-eabi/lib/thumb/v7e-m/nofp/libg_nano.a(lib_a-nano-svfprintf.o) (memcpy)
/home/tjinmaij/eclipse/GCC ARM/gcc-arm-none-eabi-8-2018-q4-major/bin/../lib/gcc/arm-none-eabi/8.2.1/../../../../arm-none-eabi/lib/thumb/v7e-m/nofp/libg_nano.a(lib_a-memmove.o)
                              /home/tjinmaij/eclipse/GCC ARM/gcc-arm-none-eabi-8-2018-q4-major/bin/../lib/gcc/arm-none-eabi/8.2.1/../../../../arm-none-eabi/lib/thumb/v7e-m/nofp/libg_nano.a(lib_a-nano-svfprintf.o) (memmove)
/home/tjinmaij/eclipse/GCC ARM/gcc-arm-none-eabi-8-2018-q4-major/bin/../lib/gcc/arm-none-eabi/8.2.1/../../../../arm-none-eabi/lib/thumb/v7e-m/nofp/libg_nano.a(lib_a-nano-freer.o)
                              /home/tjinmaij/eclipse/GCC ARM/gcc-arm-none-eabi-8-2018-q4-major/bin/../lib/gcc/arm-none-eabi/8.2.1/../../../../arm-none-eabi/lib/thumb/v7e-m/nofp/libg_nano.a(lib_a-nano-svfprintf.o) (_free_r)
/home/tjinmaij/eclipse/GCC ARM/gcc-arm-none-eabi-8-2018-q4-major/bin/../lib/gcc/arm-none-eabi/8.2.1/../../../../arm-none-eabi/lib/thumb/v7e-m/nofp/libg_nano.a(lib_a-nano-mallocr.o)
                              /home/tjinmaij/eclipse/GCC ARM/gcc-arm-none-eabi-8-2018-q4-major/bin/../lib/gcc/arm-none-eabi/8.2.1/../../../../arm-none-eabi/lib/thumb/v7e-m/nofp/libg_nano.a(lib_a-nano-svfprintf.o) (_malloc_r)
/home/tjinmaij/eclipse/GCC ARM/gcc-arm-none-eabi-8-2018-q4-major/bin/../lib/gcc/arm-none-eabi/8.2.1/../../../../arm-none-eabi/lib/thumb/v7e-m/nofp/libg_nano.a(lib_a-nano-reallocr.o)
                              /home/tjinmaij/eclipse/GCC ARM/gcc-arm-none-eabi-8-2018-q4-major/bin/../lib/gcc/arm-none-eabi/8.2.1/../../../../arm-none-eabi/lib/thumb/v7e-m/nofp/libg_nano.a(lib_a-nano-svfprintf.o) (_realloc_r)
[...]
Memory Configuration

Name             Origin             Length             Attributes
RAM              0x0000000020000000 0x0000000000030000 xrw
CCMRAM           0x0000000010000000 0x0000000000010000 xrw
FLASH            0x0000000008000000 0x0000000000100000 xr
FLASHB1          0x0000000000000000 0x0000000000000000 xr
EXTMEMB0         0x0000000000000000 0x0000000000000000 xr
EXTMEMB1         0x0000000000000000 0x0000000000000000 xr
EXTMEMB2         0x0000000000000000 0x0000000000000000 xr
EXTMEMB3         0x0000000000000000 0x0000000000000000 xr
MEMORY_ARRAY     0x0000000020002000 0x0000000000000020 xrw
*default*        0x0000000000000000 0xffffffffffffffff

Linker script and memory map

LOAD ./system/src/stm32f4-hal/stm32f4xx_hal.o
LOAD ./system/src/stm32f4-hal/stm32f4xx_hal_cortex.o
LOAD ./system/src/stm32f4-hal/stm32f4xx_hal_dfsdm.o
LOAD ./system/src/stm32f4-hal/stm32f4xx_hal_flash.o
LOAD ./system/src/stm32f4-hal/stm32f4xx_hal_gpio.o
LOAD ./system/src/stm32f4-hal/stm32f4xx_hal_i2c.o
LOAD ./system/src/stm32f4-hal/stm32f4xx_hal_i2c_ex.o
LOAD ./system/src/stm32f4-hal/stm32f4xx_hal_iwdg.o
LOAD ./system/src/stm32f4-hal/stm32f4xx_hal_pwr.o
LOAD ./system/src/stm32f4-hal/stm32f4xx_hal_rcc.o
LOAD ./system/src/stm32f4-hal/stm32f4xx_hal_usart.o
LOAD ./system/src/newlib/_cxx.o
LOAD ./system/src/newlib/_exit.o
LOAD ./system/src/newlib/_sbrk.o
LOAD ./system/src/newlib/_startup.o
LOAD ./system/src/newlib/_syscalls.o
LOAD ./system/src/newlib/assert.o
LOAD ./system/src/diag/Trace.o
LOAD ./system/src/diag/trace_impl.o
LOAD ./system/src/cortexm/_initialize_hardware.o
LOAD ./system/src/cortexm/_reset_hardware.o
LOAD ./system/src/cortexm/exception_handlers.o
LOAD ./system/src/cmsis/system_stm32f4xx.o
LOAD ./system/src/cmsis/vectors_stm32f429xx.o
LOAD ./src/_initialize_hardware.o
LOAD ./src/_write.o
LOAD ./src/main.o
LOAD ./src/stm32f4xx_hal_msp.o
LOAD /home/tjinmaij/eclipse/GCC ARM/gcc-arm-none-eabi-8-2018-q4-major/bin/../lib/gcc/arm-none-eabi/8.2.1/../../../../arm-none-eabi/lib/thumb/v7e-m/nofp/libstdc++_nano.a
LOAD /home/tjinmaij/eclipse/GCC ARM/gcc-arm-none-eabi-8-2018-q4-major/bin/../lib/gcc/arm-none-eabi/8.2.1/../../../../arm-none-eabi/lib/thumb/v7e-m/nofp/libm.a
START GROUP
LOAD /home/tjinmaij/eclipse/GCC ARM/gcc-arm-none-eabi-8-2018-q4-major/bin/../lib/gcc/arm-none-eabi/8.2.1/thumb/v7e-m/nofp/libgcc.a
LOAD /home/tjinmaij/eclipse/GCC ARM/gcc-arm-none-eabi-8-2018-q4-major/bin/../lib/gcc/arm-none-eabi/8.2.1/../../../../arm-none-eabi/lib/thumb/v7e-m/nofp/libg_nano.a
LOAD /home/tjinmaij/eclipse/GCC ARM/gcc-arm-none-eabi-8-2018-q4-major/bin/../lib/gcc/arm-none-eabi/8.2.1/../../../../arm-none-eabi/lib/thumb/v7e-m/nofp/libc_nano.a
END GROUP
START GROUP
LOAD /home/tjinmaij/eclipse/GCC ARM/gcc-arm-none-eabi-8-2018-q4-major/bin/../lib/gcc/arm-none-eabi/8.2.1/thumb/v7e-m/nofp/libgcc.a
LOAD /home/tjinmaij/eclipse/GCC ARM/gcc-arm-none-eabi-8-2018-q4-major/bin/../lib/gcc/arm-none-eabi/8.2.1/../../../../arm-none-eabi/lib/thumb/v7e-m/nofp/libc_nano.a
END GROUP
                0x0000000020030000                __stack = (ORIGIN (RAM) + LENGTH (RAM))
                0x0000000020030000                _estack = __stack
                0x0000000000000400                __Main_Stack_Size = 0x400
                [!provide]                        PROVIDE (_Main_Stack_Size = __Main_Stack_Size)
                0x000000002002fc00                __Main_Stack_Limit = (__stack - __Main_Stack_Size)
                [!provide]                        PROVIDE (_Main_Stack_Limit = __Main_Stack_Limit)
                0x0000000000000100                _Minimum_Stack_Size = 0x100
                0x00000000200001fc                PROVIDE (_Heap_Begin = _end_noinit)
                0x000000002002fc00                PROVIDE (_Heap_Limit = (__stack - __Main_Stack_Size))

.isr_vector     0x0000000008000000      0x40c
 FILL mask 0xff
                0x0000000008000000                __vectors_start = ABSOLUTE (.)
                0x0000000008000000                __vectors_start__ = ABSOLUTE (.)
 *(.isr_vector)
 .isr_vector    0x0000000008000000      0x1ac ./system/src/cmsis/vectors_stm32f429xx.o
                0x0000000008000000                __isr_vectors
 *(.cfmconfig)
 *(.after_vectors .after_vectors.*)
 .after_vectors
                0x00000000080001ac      0x130 ./system/src/newlib/_startup.o
                0x00000000080001ac                _start
 .after_vectors
                0x00000000080002dc      0x12c ./system/src/cortexm/exception_handlers.o
                0x00000000080002dc                Reset_Handler
                0x00000000080002e2                NMI_Handler
                0x00000000080002e6                HardFault_Handler
                0x00000000080002fa                HardFault_Handler_C
                0x0000000008000358                MemManage_Handler
                0x000000000800035c                BusFault_Handler
                0x0000000008000370                BusFault_Handler_C
                0x00000000080003a4                UsageFault_Handler
                0x00000000080003b8                UsageFault_Handler_C
                0x00000000080003ec                SVC_Handler
                0x00000000080003f0                DebugMon_Handler
                0x00000000080003f4                PendSV_Handler
 .after_vectors
                0x0000000008000408        0x4 ./system/src/cmsis/vectors_stm32f429xx.o
                0x0000000008000408                RTC_Alarm_IRQHandler
                0x0000000008000408                HASH_RNG_IRQHandler
                0x0000000008000408                EXTI2_IRQHandler
                0x0000000008000408                TIM8_CC_IRQHandler
                0x0000000008000408                UART8_IRQHandler
                0x0000000008000408                SPI4_IRQHandler
                0x0000000008000408                TIM1_CC_IRQHandler
                0x0000000008000408                DMA2_Stream5_IRQHandler
                0x0000000008000408                DMA1_Stream5_IRQHandler
                0x0000000008000408                PVD_IRQHandler
                0x0000000008000408                SDIO_IRQHandler
                0x0000000008000408                TAMP_STAMP_IRQHandler
                0x0000000008000408                CAN2_RX1_IRQHandler
                0x0000000008000408                EXTI3_IRQHandler
                0x0000000008000408                TIM8_TRG_COM_TIM14_IRQHandler
                0x0000000008000408                TIM1_UP_TIM10_IRQHandler
                0x0000000008000408                TIM8_UP_TIM13_IRQHandler
                0x0000000008000408                I2C3_ER_IRQHandler
                0x0000000008000408                EXTI0_IRQHandler
                0x0000000008000408                I2C2_EV_IRQHandler
                0x0000000008000408                DMA1_Stream2_IRQHandler
                0x0000000008000408                CAN1_RX0_IRQHandler
                0x0000000008000408                FPU_IRQHandler
                0x0000000008000408                OTG_HS_WKUP_IRQHandler
                0x0000000008000408                LTDC_ER_IRQHandler
                0x0000000008000408                CAN2_SCE_IRQHandler
                0x0000000008000408                DMA2_Stream2_IRQHandler
                0x0000000008000408                SPI1_IRQHandler
                0x0000000008000408                TIM6_DAC_IRQHandler
                0x0000000008000408                TIM1_BRK_TIM9_IRQHandler
                0x0000000008000408                DCMI_IRQHandler
                0x0000000008000408                CAN2_RX0_IRQHandler
                0x0000000008000408                DMA2_Stream3_IRQHandler
                0x0000000008000408                USART6_IRQHandler
                0x0000000008000408                USART3_IRQHandler
                0x0000000008000408                CAN1_RX1_IRQHandler
                0x0000000008000408                UART5_IRQHandler
                0x0000000008000408                DMA2_Stream0_IRQHandler
                0x0000000008000408                TIM4_IRQHandler
                0x0000000008000408                I2C1_EV_IRQHandler
                0x0000000008000408                DMA1_Stream6_IRQHandler
                0x0000000008000408                DMA1_Stream1_IRQHandler
                0x0000000008000408                UART4_IRQHandler
                0x0000000008000408                TIM3_IRQHandler
                0x0000000008000408                RCC_IRQHandler
                0x0000000008000408                TIM8_BRK_TIM12_IRQHandler
                0x0000000008000408                Default_Handler
                0x0000000008000408                EXTI15_10_IRQHandler
                0x0000000008000408                ADC_IRQHandler
                0x0000000008000408                DMA1_Stream7_IRQHandler
                0x0000000008000408                SPI5_IRQHandler
                0x0000000008000408                TIM7_IRQHandler
                0x0000000008000408                CAN2_TX_IRQHandler
                0x0000000008000408                TIM5_IRQHandler
                0x0000000008000408                DMA2_Stream7_IRQHandler
                0x0000000008000408                I2C3_EV_IRQHandler
                0x0000000008000408                EXTI9_5_IRQHandler
                0x0000000008000408                RTC_WKUP_IRQHandler
                0x0000000008000408                LTDC_IRQHandler
                0x0000000008000408                ETH_WKUP_IRQHandler
                0x0000000008000408                SPI2_IRQHandler
                0x0000000008000408                OTG_HS_EP1_IN_IRQHandler
                0x0000000008000408                DMA1_Stream0_IRQHandler
                0x0000000008000408                CAN1_TX_IRQHandler
                0x0000000008000408                EXTI4_IRQHandler
                0x0000000008000408                ETH_IRQHandler
                0x0000000008000408                OTG_HS_EP1_OUT_IRQHandler
                0x0000000008000408                WWDG_IRQHandler
                0x0000000008000408                SPI6_IRQHandler
                0x0000000008000408                TIM2_IRQHandler
                0x0000000008000408                OTG_FS_WKUP_IRQHandler
                0x0000000008000408                TIM1_TRG_COM_TIM11_IRQHandler
                0x0000000008000408                OTG_HS_IRQHandler
                0x0000000008000408                DMA2D_IRQHandler
                0x0000000008000408                EXTI1_IRQHandler
                0x0000000008000408                UART7_IRQHandler
                0x0000000008000408                USART2_IRQHandler
                0x0000000008000408                I2C2_ER_IRQHandler
                0x0000000008000408                DMA2_Stream1_IRQHandler
                0x0000000008000408                CAN1_SCE_IRQHandler
                0x0000000008000408                FLASH_IRQHandler
                0x0000000008000408                DMA2_Stream4_IRQHandler
                0x0000000008000408                USART1_IRQHandler
                0x0000000008000408                OTG_FS_IRQHandler
                0x0000000008000408                SPI3_IRQHandler
                0x0000000008000408                DMA1_Stream4_IRQHandler
                0x0000000008000408                I2C1_ER_IRQHandler
                0x0000000008000408                FMC_IRQHandler
                0x0000000008000408                DMA2_Stream6_IRQHandler
                0x0000000008000408                SAI1_IRQHandler
                0x0000000008000408                DMA1_Stream3_IRQHandler

.inits          0x000000000800040c       0x28
                0x000000000800040c                __data_regions_array_start = .
                0x000000000800040c        0x4 LONG 0x800318c LOADADDR (.data)
                0x0000000008000410        0x4 LONG 0x20000000 ADDR (.data)
                0x0000000008000414        0x4 LONG 0x20000078 (ADDR (.data) + SIZEOF (.data))
                0x0000000008000418        0x4 LONG 0x800318c LOADADDR (.data_CCMRAM)
                0x000000000800041c        0x4 LONG 0x10000000 ADDR (.data_CCMRAM)
                0x0000000008000420        0x4 LONG 0x10000000 (ADDR (.data_CCMRAM) + SIZEOF (.data_CCMRAM))
                0x0000000008000424                __data_regions_array_end = .
                0x0000000008000424                __bss_regions_array_start = .
                0x0000000008000424        0x4 LONG 0x20000078 ADDR (.bss)
                0x0000000008000428        0x4 LONG 0x200001fc (ADDR (.bss) + SIZEOF (.bss))
                0x000000000800042c        0x4 LONG 0x10000000 ADDR (.bss_CCMRAM)
                0x0000000008000430        0x4 LONG 0x10000000 (ADDR (.bss_CCMRAM) + SIZEOF (.bss_CCMRAM))
                0x0000000008000434                __bss_regions_array_end = .
 *(.init)
 *(.fini)
                0x0000000008000434                . = ALIGN (0x4)
                0x0000000008000434                PROVIDE (__preinit_array_start = .)
 *(.preinit_array_sysinit .preinit_array_sysinit.*)
 *(.preinit_array_platform .preinit_array_platform.*)
 *(.preinit_array .preinit_array.*)
                0x0000000008000434                PROVIDE (__preinit_array_end = .)
                0x0000000008000434                . = ALIGN (0x4)
                0x0000000008000434                PROVIDE (__init_array_start = .)
 *(SORT_BY_NAME(.init_array.*))
 *(.init_array)
                0x0000000008000434                PROVIDE (__init_array_end = .)
                0x0000000008000434                . = ALIGN (0x4)
                0x0000000008000434                PROVIDE (__fini_array_start = .)
 *(SORT_BY_NAME(.fini_array.*))
 *(.fini_array)
                0x0000000008000434                PROVIDE (__fini_array_end = .)

.flashtext
 *(.flashtext .flashtext.*)

.text           0x0000000008000440     0x2d4b
 *(.text .text.*)
 .text.HAL_InitTick
                0x0000000008000440       0x2c ./system/src/stm32f4-hal/stm32f4xx_hal.o
                0x0000000008000440                HAL_InitTick
 .text.HAL_Init
                0x000000000800046c       0x34 ./system/src/stm32f4-hal/stm32f4xx_hal.o
                0x000000000800046c                HAL_Init
 .text.HAL_IncTick
                0x00000000080004a0       0x10 ./system/src/stm32f4-hal/stm32f4xx_hal.o
                0x00000000080004a0                HAL_IncTick
 .text.HAL_GetTick
                0x00000000080004b0        0xc ./system/src/stm32f4-hal/stm32f4xx_hal.o
                0x00000000080004b0                HAL_GetTick
 .text.HAL_Delay
                0x00000000080004bc       0x1c ./system/src/stm32f4-hal/stm32f4xx_hal.o
                0x00000000080004bc                HAL_Delay
 .text.HAL_NVIC_SetPriorityGrouping
                0x00000000080004d8       0x3c ./system/src/stm32f4-hal/stm32f4xx_hal_cortex.o
                0x00000000080004d8                HAL_NVIC_SetPriorityGrouping
 .text.HAL_NVIC_SetPriority
                0x0000000008000514       0x8c ./system/src/stm32f4-hal/stm32f4xx_hal_cortex.o
                0x0000000008000514                HAL_NVIC_SetPriority
 .text.HAL_SYSTICK_Config
                0x00000000080005a0       0x2c ./system/src/stm32f4-hal/stm32f4xx_hal_cortex.o
                0x00000000080005a0                HAL_SYSTICK_Config
 .text.HAL_SYSTICK_CLKSourceConfig
                0x00000000080005cc       0x3c ./system/src/stm32f4-hal/stm32f4xx_hal_cortex.o
                0x00000000080005cc                HAL_SYSTICK_CLKSourceConfig
 .text.HAL_GPIO_Init
                0x0000000008000608      0x328 ./system/src/stm32f4-hal/stm32f4xx_hal_gpio.o
                0x0000000008000608                HAL_GPIO_Init
 .text.I2C_IsAcknowledgeFailed
                0x0000000008000930       0x2a ./system/src/stm32f4-hal/stm32f4xx_hal_i2c.o
 .text.I2C_WaitOnFlagUntilTimeout
                0x000000000800095a       0x64 ./system/src/stm32f4-hal/stm32f4xx_hal_i2c.o
 .text.I2C_WaitOnMasterAddressFlagUntilTimeout
                0x00000000080009be       0x90 ./system/src/stm32f4-hal/stm32f4xx_hal_i2c.o
 *fill*         0x0000000008000a4e        0x2 
 .text.I2C_MasterRequestWrite
                0x0000000008000a50       0xbc ./system/src/stm32f4-hal/stm32f4xx_hal_i2c.o
 .text.I2C_WaitOnTXEFlagUntilTimeout
                0x0000000008000b0c       0x4e ./system/src/stm32f4-hal/stm32f4xx_hal_i2c.o
 *fill*         0x0000000008000b5a        0x2 
 .text.I2C_RequestMemoryRead
                0x0000000008000b5c      0x148 ./system/src/stm32f4-hal/stm32f4xx_hal_i2c.o
 .text.I2C_WaitOnBTFFlagUntilTimeout
                0x0000000008000ca4       0x4e ./system/src/stm32f4-hal/stm32f4xx_hal_i2c.o
 .text.I2C_WaitOnRXNEFlagUntilTimeout
                0x0000000008000cf2       0x5c ./system/src/stm32f4-hal/stm32f4xx_hal_i2c.o
 .text.HAL_I2C_MspInit
                0x0000000008000d4e        0x2 ./system/src/stm32f4-hal/stm32f4xx_hal_i2c.o
                0x0000000008000d4e                HAL_I2C_MspInit
 .text.HAL_I2C_Init
                0x0000000008000d50      0x1f8 ./system/src/stm32f4-hal/stm32f4xx_hal_i2c.o
                0x0000000008000d50                HAL_I2C_Init
 .text.HAL_I2C_Master_Transmit
                0x0000000008000f48      0x160 ./system/src/stm32f4-hal/stm32f4xx_hal_i2c.o
                0x0000000008000f48                HAL_I2C_Master_Transmit
 .text.HAL_I2C_Mem_Read
                0x00000000080010a8      0x284 ./system/src/stm32f4-hal/stm32f4xx_hal_i2c.o
                0x00000000080010a8                HAL_I2C_Mem_Read
 .text.HAL_RCC_OscConfig
                0x000000000800132c      0x43c ./system/src/stm32f4-hal/stm32f4xx_hal_rcc.o
                0x000000000800132c                HAL_RCC_OscConfig
 .text.HAL_RCC_GetSysClockFreq
                0x0000000008001768       0x94 ./system/src/stm32f4-hal/stm32f4xx_hal_rcc.o
                0x0000000008001768                HAL_RCC_GetSysClockFreq
 .text.HAL_RCC_ClockConfig
                0x00000000080017fc      0x258 ./system/src/stm32f4-hal/stm32f4xx_hal_rcc.o
                0x00000000080017fc                HAL_RCC_ClockConfig
 .text.HAL_RCC_GetHCLKFreq
                0x0000000008001a54        0xc ./system/src/stm32f4-hal/stm32f4xx_hal_rcc.o
                0x0000000008001a54                HAL_RCC_GetHCLKFreq
 .text.HAL_RCC_GetPCLK1Freq
                0x0000000008001a60       0x2c ./system/src/stm32f4-hal/stm32f4xx_hal_rcc.o
                0x0000000008001a60                HAL_RCC_GetPCLK1Freq
 .text.HAL_RCC_GetPCLK2Freq
                0x0000000008001a8c       0x2c ./system/src/stm32f4-hal/stm32f4xx_hal_rcc.o
                0x0000000008001a8c                HAL_RCC_GetPCLK2Freq
 .text.USART_SetConfig
                0x0000000008001ab8      0x238 ./system/src/stm32f4-hal/stm32f4xx_hal_usart.o
 .text.USART_WaitOnFlagUntilTimeout
                0x0000000008001cf0       0x72 ./system/src/stm32f4-hal/stm32f4xx_hal_usart.o
 .text.HAL_USART_MspInit
                0x0000000008001d62        0x2 ./system/src/stm32f4-hal/stm32f4xx_hal_usart.o
                0x0000000008001d62                HAL_USART_MspInit
 .text.HAL_USART_Init
                0x0000000008001d64       0x84 ./system/src/stm32f4-hal/stm32f4xx_hal_usart.o
                0x0000000008001d64                HAL_USART_Init
 .text.HAL_USART_Transmit
                0x0000000008001de8       0xe0 ./system/src/stm32f4-hal/stm32f4xx_hal_usart.o
                0x0000000008001de8                HAL_USART_Transmit
 .text._exit    0x0000000008001ec8        0x2 ./system/src/newlib/_exit.o
                0x0000000008001ec8                _exit
 *fill*         0x0000000008001eca        0x2 
 .text.abort    0x0000000008001ecc       0x14 ./system/src/newlib/_exit.o
                0x0000000008001ecc                abort
 .text._sbrk    0x0000000008001ee0       0x44 ./system/src/newlib/_sbrk.o
                0x0000000008001ee0                _sbrk
 .text.__initialize_args
                0x0000000008001f24       0x10 ./system/src/newlib/_syscalls.o
                0x0000000008001f24                __initialize_args
 .text.assert_failed
                0x0000000008001f34       0x14 ./system/src/newlib/assert.o
                0x0000000008001f34                assert_failed
 .text.trace_printf
                0x0000000008001f48       0x34 ./system/src/diag/Trace.o
                0x0000000008001f48                trace_printf
 .text.trace_puts
                0x0000000008001f7c       0x20 ./system/src/diag/Trace.o
                0x0000000008001f7c                trace_puts
 .text._trace_write_semihosting_debug
                0x0000000008001f9c       0x60 ./system/src/diag/trace_impl.o
 .text.trace_write
                0x0000000008001ffc        0x8 ./system/src/diag/trace_impl.o
                0x0000000008001ffc                trace_write
 .text.__initialize_hardware_early
                0x0000000008002004       0x18 ./system/src/cortexm/_initialize_hardware.o
                0x0000000008002004                __initialize_hardware_early
 .text.dumpExceptionStack
                0x000000000800201c       0xf4 ./system/src/cortexm/exception_handlers.o
                0x000000000800201c                dumpExceptionStack
 .text.isSemihosting
                0x0000000008002110       0x20 ./system/src/cortexm/exception_handlers.o
                0x0000000008002110                isSemihosting
 .text.SystemInit
                0x0000000008002130       0x40 ./system/src/cmsis/system_stm32f4xx.o
                0x0000000008002130                SystemInit
 .text.SystemCoreClockUpdate
                0x0000000008002170       0xa0 ./system/src/cmsis/system_stm32f4xx.o
                0x0000000008002170                SystemCoreClockUpdate
 .text.SystemClock_Config
                0x0000000008002210       0x9c ./src/_initialize_hardware.o
                0x0000000008002210                SystemClock_Config
 .text.__initialize_hardware
                0x00000000080022ac       0x10 ./src/_initialize_hardware.o
                0x00000000080022ac                __initialize_hardware
 .text.SysTick_Handler
                0x00000000080022bc        0x8 ./src/main.o
                0x00000000080022bc                SysTick_Handler
 .text.CPG_USART_Init
                0x00000000080022c4       0x80 ./src/main.o
                0x00000000080022c4                CPG_USART_Init
 .text.CPG_I2C_Init
                0x0000000008002344       0x8c ./src/main.o
                0x0000000008002344                CPG_I2C_Init
 .text.i2c_write
                0x00000000080023d0       0x28 ./src/main.o
                0x00000000080023d0                i2c_write
 .text.i2c_read_values
                0x00000000080023f8       0x28 ./src/main.o
                0x00000000080023f8                i2c_read_values
 .text.i2c_read_address
                0x0000000008002420       0x2c ./src/main.o
                0x0000000008002420                i2c_read_address
 .text.ADXL345_Init
                0x000000000800244c       0x22 ./src/main.o
                0x000000000800244c                ADXL345_Init
 *fill*         0x000000000800246e        0x2 
 .text.main     0x0000000008002470       0x8c ./src/main.o
                0x0000000008002470                main
 .text.HAL_MspInit
                0x00000000080024fc       0x38 ./src/stm32f4xx_hal_msp.o
                0x00000000080024fc                HAL_MspInit
 .text.__errno  0x0000000008002534        0xc /home/tjinmaij/eclipse/GCC ARM/gcc-arm-none-eabi-8-2018-q4-major/bin/../lib/gcc/arm-none-eabi/8.2.1/../../../../arm-none-eabi/lib/thumb/v7e-m/nofp/libg_nano.a(lib_a-errno.o)
                0x0000000008002534                __errno
 .text.memset   0x0000000008002540       0x10 /home/tjinmaij/eclipse/GCC ARM/gcc-arm-none-eabi-8-2018-q4-major/bin/../lib/gcc/arm-none-eabi/8.2.1/../../../../arm-none-eabi/lib/thumb/v7e-m/nofp/libg_nano.a(lib_a-memset.o)
                0x0000000008002540                memset
 .text.sprintf  0x0000000008002550       0x40 /home/tjinmaij/eclipse/GCC ARM/gcc-arm-none-eabi-8-2018-q4-major/bin/../lib/gcc/arm-none-eabi/8.2.1/../../../../arm-none-eabi/lib/thumb/v7e-m/nofp/libg_nano.a(lib_a-sprintf.o)
                0x0000000008002550                sprintf
                0x0000000008002550                siprintf
 .text          0x0000000008002590       0x10 /home/tjinmaij/eclipse/GCC ARM/gcc-arm-none-eabi-8-2018-q4-major/bin/../lib/gcc/arm-none-eabi/8.2.1/../../../../arm-none-eabi/lib/thumb/v7e-m/nofp/libg_nano.a(lib_a-strlen.o)
                0x0000000008002590                strlen
 .text._vsnprintf_r
                0x00000000080025a0       0x58 /home/tjinmaij/eclipse/GCC ARM/gcc-arm-none-eabi-8-2018-q4-major/bin/../lib/gcc/arm-none-eabi/8.2.1/../../../../arm-none-eabi/lib/thumb/v7e-m/nofp/libg_nano.a(lib_a-vsnprintf.o)
                0x00000000080025a0                _vsnprintf_r
                0x00000000080025a0                _vsniprintf_r
 .text.vsnprintf
                0x00000000080025f8       0x1c /home/tjinmaij/eclipse/GCC ARM/gcc-arm-none-eabi-8-2018-q4-major/bin/../lib/gcc/arm-none-eabi/8.2.1/../../../../arm-none-eabi/lib/thumb/v7e-m/nofp/libg_nano.a(lib_a-vsnprintf.o)
                0x00000000080025f8                vsnprintf
                0x00000000080025f8                vsniprintf
 .text.__ssputs_r
                0x0000000008002614       0xb6 /home/tjinmaij/eclipse/GCC ARM/gcc-arm-none-eabi-8-2018-q4-major/bin/../lib/gcc/arm-none-eabi/8.2.1/../../../../arm-none-eabi/lib/thumb/v7e-m/nofp/libg_nano.a(lib_a-nano-svfprintf.o)
                0x0000000008002614                __ssputs_r
 *fill*         0x00000000080026ca        0x2 
 .text._svfprintf_r
                0x00000000080026cc      0x1f0 /home/tjinmaij/eclipse/GCC ARM/gcc-arm-none-eabi-8-2018-q4-major/bin/../lib/gcc/arm-none-eabi/8.2.1/../../../../arm-none-eabi/lib/thumb/v7e-m/nofp/libg_nano.a(lib_a-nano-svfprintf.o)
                0x00000000080026cc                _svfprintf_r
                0x00000000080026cc                _svfiprintf_r
 .text._printf_common
                0x00000000080028bc       0xea /home/tjinmaij/eclipse/GCC ARM/gcc-arm-none-eabi-8-2018-q4-major/bin/../lib/gcc/arm-none-eabi/8.2.1/../../../../arm-none-eabi/lib/thumb/v7e-m/nofp/libg_nano.a(lib_a-nano-vfprintf_i.o)
                0x00000000080028bc                _printf_common
 *fill*         0x00000000080029a6        0x2 
 .text._printf_i
                0x00000000080029a8      0x228 /home/tjinmaij/eclipse/GCC ARM/gcc-arm-none-eabi-8-2018-q4-major/bin/../lib/gcc/arm-none-eabi/8.2.1/../../../../arm-none-eabi/lib/thumb/v7e-m/nofp/libg_nano.a(lib_a-nano-vfprintf_i.o)
                0x00000000080029a8                _printf_i
 .text          0x0000000008002bd0       0xa0 /home/tjinmaij/eclipse/GCC ARM/gcc-arm-none-eabi-8-2018-q4-major/bin/../lib/gcc/arm-none-eabi/8.2.1/../../../../arm-none-eabi/lib/thumb/v7e-m/nofp/libg_nano.a(lib_a-memchr.o)
                0x0000000008002bd0                memchr
 .text.memcpy   0x0000000008002c70       0x1c /home/tjinmaij/eclipse/GCC ARM/gcc-arm-none-eabi-8-2018-q4-major/bin/../lib/gcc/arm-none-eabi/8.2.1/../../../../arm-none-eabi/lib/thumb/v7e-m/nofp/libg_nano.a(lib_a-memcpy-stub.o)
                0x0000000008002c70                memcpy
 .text.memmove  0x0000000008002c8c       0x34 /home/tjinmaij/eclipse/GCC ARM/gcc-arm-none-eabi-8-2018-q4-major/bin/../lib/gcc/arm-none-eabi/8.2.1/../../../../arm-none-eabi/lib/thumb/v7e-m/nofp/libg_nano.a(lib_a-memmove.o)
                0x0000000008002c8c                memmove
 .text._free_r  0x0000000008002cc0       0x9c /home/tjinmaij/eclipse/GCC ARM/gcc-arm-none-eabi-8-2018-q4-major/bin/../lib/gcc/arm-none-eabi/8.2.1/../../../../arm-none-eabi/lib/thumb/v7e-m/nofp/libg_nano.a(lib_a-nano-freer.o)
                0x0000000008002cc0                _free_r
 .text._malloc_r
                0x0000000008002d5c       0xb4 /home/tjinmaij/eclipse/GCC ARM/gcc-arm-none-eabi-8-2018-q4-major/bin/../lib/gcc/arm-none-eabi/8.2.1/../../../../arm-none-eabi/lib/thumb/v7e-m/nofp/libg_nano.a(lib_a-nano-mallocr.o)
                0x0000000008002d5c                _malloc_r
 .text._realloc_r
                0x0000000008002e10       0x4c /home/tjinmaij/eclipse/GCC ARM/gcc-arm-none-eabi-8-2018-q4-major/bin/../lib/gcc/arm-none-eabi/8.2.1/../../../../arm-none-eabi/lib/thumb/v7e-m/nofp/libg_nano.a(lib_a-nano-reallocr.o)
                0x0000000008002e10                _realloc_r
 .text._sbrk_r  0x0000000008002e5c       0x20 /home/tjinmaij/eclipse/GCC ARM/gcc-arm-none-eabi-8-2018-q4-major/bin/../lib/gcc/arm-none-eabi/8.2.1/../../../../arm-none-eabi/lib/thumb/v7e-m/nofp/libg_nano.a(lib_a-sbrkr.o)
                0x0000000008002e5c                _sbrk_r
 .text.__malloc_lock
                0x0000000008002e7c        0xc /home/tjinmaij/eclipse/GCC ARM/gcc-arm-none-eabi-8-2018-q4-major/bin/../lib/gcc/arm-none-eabi/8.2.1/../../../../arm-none-eabi/lib/thumb/v7e-m/nofp/libg_nano.a(lib_a-mlock.o)
                0x0000000008002e7c                __malloc_lock
 .text.__malloc_unlock
                0x0000000008002e88        0xc /home/tjinmaij/eclipse/GCC ARM/gcc-arm-none-eabi-8-2018-q4-major/bin/../lib/gcc/arm-none-eabi/8.2.1/../../../../arm-none-eabi/lib/thumb/v7e-m/nofp/libg_nano.a(lib_a-mlock.o)
                0x0000000008002e88                __malloc_unlock
 .text._malloc_usable_size_r
                0x0000000008002e94       0x10 /home/tjinmaij/eclipse/GCC ARM/gcc-arm-none-eabi-8-2018-q4-major/bin/../lib/gcc/arm-none-eabi/8.2.1/../../../../arm-none-eabi/lib/thumb/v7e-m/nofp/libg_nano.a(lib_a-nano-msizer.o)
                0x0000000008002e94                _malloc_usable_size_r
 .text.__retarget_lock_acquire_recursive
                0x0000000008002ea4        0x2 /home/tjinmaij/eclipse/GCC ARM/gcc-arm-none-eabi-8-2018-q4-major/bin/../lib/gcc/arm-none-eabi/8.2.1/../../../../arm-none-eabi/lib/thumb/v7e-m/nofp/libg_nano.a(lib_a-lock.o)
                0x0000000008002ea4                __retarget_lock_acquire_recursive
 .text.__retarget_lock_release_recursive
                0x0000000008002ea6        0x2 /home/tjinmaij/eclipse/GCC ARM/gcc-arm-none-eabi-8-2018-q4-major/bin/../lib/gcc/arm-none-eabi/8.2.1/../../../../arm-none-eabi/lib/thumb/v7e-m/nofp/libg_nano.a(lib_a-lock.o)
                0x0000000008002ea6                __retarget_lock_release_recursive
 *(.rodata .rodata.* .constdata .constdata.*)
 .rodata.HAL_NVIC_SetPriorityGrouping.str1.4
                0x0000000008002ea8       0x31 ./system/src/stm32f4-hal/stm32f4xx_hal_cortex.o
 *fill*         0x0000000008002ed9        0x3 
 .rodata.HAL_GPIO_Init.str1.4
                0x0000000008002edc       0x2f ./system/src/stm32f4-hal/stm32f4xx_hal_gpio.o
 *fill*         0x0000000008002f0b        0x1 
 .rodata.HAL_I2C_Init.str1.4
                0x0000000008002f0c       0x2e ./system/src/stm32f4-hal/stm32f4xx_hal_i2c.o
 *fill*         0x0000000008002f3a        0x2 
 .rodata.APBAHBPrescTable
                0x0000000008002f3c       0x10 ./system/src/stm32f4-hal/stm32f4xx_hal_rcc.o
                0x0000000008002f3c                APBAHBPrescTable
 .rodata.HAL_RCC_OscConfig.str1.4
                0x0000000008002f4c       0x2e ./system/src/stm32f4-hal/stm32f4xx_hal_rcc.o
 *fill*         0x0000000008002f7a        0x2 
 .rodata.USART_SetConfig.str1.4
                0x0000000008002f7c       0x30 ./system/src/stm32f4-hal/stm32f4xx_hal_usart.o
 .rodata.abort.str1.4
                0x0000000008002fac       0x14 ./system/src/newlib/_exit.o
 .rodata.assert_failed.str1.4
                0x0000000008002fc0       0x2b ./system/src/newlib/assert.o
 .rodata.trace_puts.str1.4
                0x0000000008002feb       0x2b ./system/src/diag/Trace.o
                                          0x2 (size before relaxing)
 *fill*         0x0000000008002feb        0x1 
 .rodata.dumpExceptionStack.str1.4
                0x0000000008002fec      0x11a ./system/src/cortexm/exception_handlers.o
 *fill*         0x0000000008003106        0x2 
 .rodata.str1.4
                0x0000000008003108       0x2a ./system/src/cortexm/exception_handlers.o
 *fill*         0x0000000008003132        0x2 
 .rodata.AHBPrescTable
                0x0000000008003134       0x10 ./system/src/cmsis/system_stm32f4xx.o
                0x0000000008003134                AHBPrescTable
 .rodata.main.str1.4
                0x0000000008003144       0x14 ./src/main.o
                                         0x11 (size before relaxing)
 .rodata._svfprintf_r.str1.1
                0x0000000008003158       0x11 /home/tjinmaij/eclipse/GCC ARM/gcc-arm-none-eabi-8-2018-q4-major/bin/../lib/gcc/arm-none-eabi/8.2.1/../../../../arm-none-eabi/lib/thumb/v7e-m/nofp/libg_nano.a(lib_a-nano-svfprintf.o)
 .rodata._printf_i.str1.1
                0x0000000008003169       0x22 /home/tjinmaij/eclipse/GCC ARM/gcc-arm-none-eabi-8-2018-q4-major/bin/../lib/gcc/arm-none-eabi/8.2.1/../../../../arm-none-eabi/lib/thumb/v7e-m/nofp/libg_nano.a(lib_a-nano-vfprintf_i.o)
 *(vtable)
 *(.eh_frame*)
 *(.glue_7)
 .glue_7        0x000000000800318b        0x0 linker stubs
 *(.glue_7t)
 .glue_7t       0x000000000800318b        0x0 linker stubs

.vfp11_veneer   0x000000000800318c        0x0
 .vfp11_veneer  0x000000000800318c        0x0 linker stubs

.v4_bx          0x000000000800318c        0x0
 .v4_bx         0x000000000800318c        0x0 linker stubs

.iplt           0x000000000800318c        0x0
 .iplt          0x000000000800318c        0x0 ./system/src/stm32f4-hal/stm32f4xx_hal.o

.rel.dyn        0x000000000800318c        0x0
 .rel.iplt      0x000000000800318c        0x0 ./system/src/stm32f4-hal/stm32f4xx_hal.o

.ARM.extab
 *(.ARM.extab* .gnu.linkonce.armextab.*)
                0x000000000800318c                . = ALIGN (0x4)
                0x000000000800318c                __exidx_start = .

.ARM.exidx
 *(.ARM.exidx* .gnu.linkonce.armexidx.*)
                0x000000000800318c                __exidx_end = .
                0x000000000800318c                . = ALIGN (0x4)
                0x000000000800318c                _etext = .
                0x000000000800318c                __etext = .

.data_CCMRAM    0x0000000010000000        0x0 load address 0x000000000800318c
 FILL mask 0xff
 *(.data.CCMRAM .data.CCMRAM.*)
                0x0000000010000000                . = ALIGN (0x4)
                0x000000000800318c                _sidata = LOADADDR (.data)

.data           0x0000000020000000       0x78 load address 0x000000000800318c
 FILL mask 0xff
                0x0000000020000000                _sdata = .
                0x0000000020000000                __data_start__ = .
 *(.data_begin .data_begin.*)
 .data_begin    0x0000000020000000        0x4 ./system/src/newlib/_startup.o
 *(.data .data.*)
 .data.argv.4374
                0x0000000020000004        0x8 ./system/src/newlib/_syscalls.o
 .data.SystemCoreClock
                0x000000002000000c        0x4 ./system/src/cmsis/system_stm32f4xx.o
                0x000000002000000c                SystemCoreClock
 .data._impure_ptr
                0x0000000020000010        0x4 /home/tjinmaij/eclipse/GCC ARM/gcc-arm-none-eabi-8-2018-q4-major/bin/../lib/gcc/arm-none-eabi/8.2.1/../../../../arm-none-eabi/lib/thumb/v7e-m/nofp/libg_nano.a(lib_a-impure.o)
                0x0000000020000010                _impure_ptr
 .data.impure_data
                0x0000000020000014       0x60 /home/tjinmaij/eclipse/GCC ARM/gcc-arm-none-eabi-8-2018-q4-major/bin/../lib/gcc/arm-none-eabi/8.2.1/../../../../arm-none-eabi/lib/thumb/v7e-m/nofp/libg_nano.a(lib_a-impure.o)
 *(.data_end .data_end.*)
 .data_end      0x0000000020000074        0x4 ./system/src/newlib/_startup.o
                0x0000000020000078                . = ALIGN (0x4)
                0x0000000020000078                _edata = .
                0x0000000020000078                __data_end__ = .

.igot.plt       0x0000000020000078        0x0 load address 0x0000000008003204
 .igot.plt      0x0000000020000078        0x0 ./system/src/stm32f4-hal/stm32f4xx_hal.o

.bss_CCMRAM     0x0000000010000000        0x0
 *(.bss.CCMRAM .bss.CCMRAM.*)

.bss            0x0000000020000078      0x184
                0x0000000020000078                __bss_start__ = .
                0x0000000020000078                _sbss = .
 *(.bss_begin .bss_begin.*)
 .bss_begin     0x0000000020000078        0x4 ./system/src/newlib/_startup.o
 *(.bss .bss.*)
 .bss.current_heap_end.4004
                0x000000002000007c        0x4 ./system/src/newlib/_sbrk.o
 .bss.name.4373
                0x0000000020000080        0x1 ./system/src/newlib/_syscalls.o
 *fill*         0x0000000020000081        0x3 
 .bss.buf.5248  0x0000000020000084       0x80 ./system/src/diag/Trace.o
 .bss.devID     0x0000000020000104        0x1 ./src/main.o
                0x0000000020000104                devID
 *fill*         0x0000000020000105        0x3 
 .bss.__malloc_free_list
                0x0000000020000108        0x4 /home/tjinmaij/eclipse/GCC ARM/gcc-arm-none-eabi-8-2018-q4-major/bin/../lib/gcc/arm-none-eabi/8.2.1/../../../../arm-none-eabi/lib/thumb/v7e-m/nofp/libg_nano.a(lib_a-nano-mallocr.o)
                0x0000000020000108                __malloc_free_list
 .bss.__malloc_sbrk_start
                0x000000002000010c        0x4 /home/tjinmaij/eclipse/GCC ARM/gcc-arm-none-eabi-8-2018-q4-major/bin/../lib/gcc/arm-none-eabi/8.2.1/../../../../arm-none-eabi/lib/thumb/v7e-m/nofp/libg_nano.a(lib_a-nano-mallocr.o)
                0x000000002000010c                __malloc_sbrk_start
 *(COMMON)
 COMMON         0x0000000020000110        0x4 ./system/src/stm32f4-hal/stm32f4xx_hal.o
                0x0000000020000110                uwTick
 COMMON         0x0000000020000114        0x4 ./system/src/newlib/_syscalls.o
                0x0000000020000114                errno
 COMMON         0x0000000020000118       0xd7 ./src/main.o
                0x0000000020000118                z_char
                0x000000002000011c                x
                0x0000000020000120                y_char
                0x0000000020000124                I2C1Handle
                0x0000000020000178                zg
                0x000000002000017c                z
                0x0000000020000180                buffer
                0x0000000020000188                USART1Handle
                0x00000000200001cc                y
                0x00000000200001d0                GPIO_InitStructure
                0x00000000200001e4                yg
                0x00000000200001e8                xg
                0x00000000200001ec                x_char
 COMMON         0x00000000200001ef        0x9 /home/tjinmaij/eclipse/GCC ARM/gcc-arm-none-eabi-8-2018-q4-major/bin/../lib/gcc/arm-none-eabi/8.2.1/../../../../arm-none-eabi/lib/thumb/v7e-m/nofp/libg_nano.a(lib_a-lock.o)
                0x00000000200001ef                __lock___atexit_recursive_mutex
                0x00000000200001f0                __lock___arc4random_mutex
                0x00000000200001f1                __lock___env_recursive_mutex
                0x00000000200001f2                __lock___sinit_recursive_mutex
                0x00000000200001f3                __lock___malloc_recursive_mutex
                0x00000000200001f4                __lock___at_quick_exit_mutex
                0x00000000200001f5                __lock___dd_hash_mutex
                0x00000000200001f6                __lock___tz_mutex
                0x00000000200001f7                __lock___sfp_recursive_mutex
 *(.bss_end .bss_end.*)
 .bss_end       0x00000000200001f8        0x4 ./system/src/newlib/_startup.o
                0x00000000200001fc                . = ALIGN (0x4)
                0x00000000200001fc                __bss_end__ = .
                0x00000000200001fc                _ebss = .

.noinit_CCMRAM
 *(.noinit.CCMRAM .noinit.CCMRAM.*)

.noinit         0x00000000200001fc        0x0
                0x00000000200001fc                _noinit = .
 *(.noinit .noinit.*)
                0x00000000200001fc                . = ALIGN (0x4)
                0x00000000200001fc                _end_noinit = .
                [!provide]                        PROVIDE (end = _end_noinit)
                [!provide]                        PROVIDE (_end = _end_noinit)
                [!provide]                        PROVIDE (__end = _end_noinit)
                [!provide]                        PROVIDE (__end__ = _end_noinit)

._check_stack   0x00000000200001fc      0x100
                0x00000000200002fc                . = (. + _Minimum_Stack_Size)
 *fill*         0x00000000200001fc      0x100 

.b1text
 *(.b1text)
 *(.b1rodata)
 *(.b1rodata.*)

.eb0text
 *(.eb0text)
 *(.eb0rodata)
 *(.eb0rodata.*)

.eb1text
 *(.eb1text)
 *(.eb1rodata)
 *(.eb1rodata.*)

.eb2text
 *(.eb2text)
 *(.eb2rodata)
 *(.eb2rodata.*)

.eb3text
 *(.eb3text)
 *(.eb3rodata)
 *(.eb3rodata.*)

.stab
 *(.stab)

.stabstr
 *(.stabstr)

.stab.excl
 *(.stab.excl)

.stab.exclstr
 *(.stab.exclstr)

.stab.index
 *(.stab.index)

.stab.indexstr
 *(.stab.indexstr)

.comment        0x0000000000000000       0x75
 *(.comment)
 .comment       0x0000000000000000       0x75 ./system/src/stm32f4-hal/stm32f4xx_hal.o
                                         0x76 (size before relaxing)
 .comment       0x0000000000000075       0x76 ./system/src/stm32f4-hal/stm32f4xx_hal_cortex.o
 .comment       0x0000000000000075       0x76 ./system/src/stm32f4-hal/stm32f4xx_hal_gpio.o
 .comment       0x0000000000000075       0x76 ./system/src/stm32f4-hal/stm32f4xx_hal_i2c.o
 .comment       0x0000000000000075       0x76 ./system/src/stm32f4-hal/stm32f4xx_hal_rcc.o
 .comment       0x0000000000000075       0x76 ./system/src/stm32f4-hal/stm32f4xx_hal_usart.o
 .comment       0x0000000000000075       0x76 ./system/src/newlib/_exit.o
 .comment       0x0000000000000075       0x76 ./system/src/newlib/_sbrk.o
 .comment       0x0000000000000075       0x76 ./system/src/newlib/_startup.o
 .comment       0x0000000000000075       0x76 ./system/src/newlib/_syscalls.o
 .comment       0x0000000000000075       0x76 ./system/src/newlib/assert.o
 .comment       0x0000000000000075       0x76 ./system/src/diag/Trace.o
 .comment       0x0000000000000075       0x76 ./system/src/diag/trace_impl.o
 .comment       0x0000000000000075       0x76 ./system/src/cortexm/_initialize_hardware.o
 .comment       0x0000000000000075       0x76 ./system/src/cortexm/exception_handlers.o
 .comment       0x0000000000000075       0x76 ./system/src/cmsis/system_stm32f4xx.o
 .comment       0x0000000000000075       0x76 ./system/src/cmsis/vectors_stm32f429xx.o
 .comment       0x0000000000000075       0x76 ./src/_initialize_hardware.o
 .comment       0x0000000000000075       0x76 ./src/main.o
 .comment       0x0000000000000075       0x76 ./src/stm32f4xx_hal_msp.o

.ARM.attributes
                0x0000000000000000       0x2c
 .ARM.attributes
                0x0000000000000000       0x2e ./system/src/stm32f4-hal/stm32f4xx_hal.o
 .ARM.attributes
                0x000000000000002e       0x2e ./system/src/stm32f4-hal/stm32f4xx_hal_cortex.o
 .ARM.attributes
                0x000000000000005c       0x2e ./system/src/stm32f4-hal/stm32f4xx_hal_gpio.o
 .ARM.attributes
                0x000000000000008a       0x2e ./system/src/stm32f4-hal/stm32f4xx_hal_i2c.o
 .ARM.attributes
                0x00000000000000b8       0x2e ./system/src/stm32f4-hal/stm32f4xx_hal_rcc.o
 .ARM.attributes
                0x00000000000000e6       0x2e ./system/src/stm32f4-hal/stm32f4xx_hal_usart.o
 .ARM.attributes
                0x0000000000000114       0x2e ./system/src/newlib/_exit.o
 .ARM.attributes
                0x0000000000000142       0x2e ./system/src/newlib/_sbrk.o
 .ARM.attributes
                0x0000000000000170       0x2e ./system/src/newlib/_startup.o
 .ARM.attributes
                0x000000000000019e       0x2e ./system/src/newlib/_syscalls.o
 .ARM.attributes
                0x00000000000001cc       0x2e ./system/src/newlib/assert.o
 .ARM.attributes
                0x00000000000001fa       0x2e ./system/src/diag/Trace.o
 .ARM.attributes
                0x0000000000000228       0x2e ./system/src/diag/trace_impl.o
 .ARM.attributes
                0x0000000000000256       0x2e ./system/src/cortexm/_initialize_hardware.o
 .ARM.attributes
                0x0000000000000284       0x2e ./system/src/cortexm/exception_handlers.o
 .ARM.attributes
                0x00000000000002b2       0x2e ./system/src/cmsis/system_stm32f4xx.o
 .ARM.attributes
                0x00000000000002e0       0x2e ./system/src/cmsis/vectors_stm32f429xx.o
 .ARM.attributes
                0x000000000000030e       0x2e ./src/_initialize_hardware.o
 .ARM.attributes
                0x000000000000033c       0x2e ./src/main.o
 .ARM.attributes
                0x000000000000036a       0x2e ./src/stm32f4xx_hal_msp.o
 .ARM.attributes
                0x0000000000000398       0x2e /home/tjinmaij/eclipse/GCC ARM/gcc-arm-none-eabi-8-2018-q4-major/bin/../lib/gcc/arm-none-eabi/8.2.1/../../../../arm-none-eabi/lib/thumb/v7e-m/nofp/libg_nano.a(lib_a-errno.o)
 .ARM.attributes
                0x00000000000003c6       0x2e /home/tjinmaij/eclipse/GCC ARM/gcc-arm-none-eabi-8-2018-q4-major/bin/../lib/gcc/arm-none-eabi/8.2.1/../../../../arm-none-eabi/lib/thumb/v7e-m/nofp/libg_nano.a(lib_a-impure.o)
 .ARM.attributes
                0x00000000000003f4       0x2e /home/tjinmaij/eclipse/GCC ARM/gcc-arm-none-eabi-8-2018-q4-major/bin/../lib/gcc/arm-none-eabi/8.2.1/../../../../arm-none-eabi/lib/thumb/v7e-m/nofp/libg_nano.a(lib_a-memset.o)
 .ARM.attributes
                0x0000000000000422       0x2e /home/tjinmaij/eclipse/GCC ARM/gcc-arm-none-eabi-8-2018-q4-major/bin/../lib/gcc/arm-none-eabi/8.2.1/../../../../arm-none-eabi/lib/thumb/v7e-m/nofp/libg_nano.a(lib_a-sprintf.o)
 .ARM.attributes
                0x0000000000000450       0x17 /home/tjinmaij/eclipse/GCC ARM/gcc-arm-none-eabi-8-2018-q4-major/bin/../lib/gcc/arm-none-eabi/8.2.1/../../../../arm-none-eabi/lib/thumb/v7e-m/nofp/libg_nano.a(lib_a-strlen.o)
 .ARM.attributes
                0x0000000000000467       0x2e /home/tjinmaij/eclipse/GCC ARM/gcc-arm-none-eabi-8-2018-q4-major/bin/../lib/gcc/arm-none-eabi/8.2.1/../../../../arm-none-eabi/lib/thumb/v7e-m/nofp/libg_nano.a(lib_a-vsnprintf.o)
 .ARM.attributes
                0x0000000000000495       0x2e /home/tjinmaij/eclipse/GCC ARM/gcc-arm-none-eabi-8-2018-q4-major/bin/../lib/gcc/arm-none-eabi/8.2.1/../../../../arm-none-eabi/lib/thumb/v7e-m/nofp/libg_nano.a(lib_a-nano-svfprintf.o)
 .ARM.attributes
                0x00000000000004c3       0x2e /home/tjinmaij/eclipse/GCC ARM/gcc-arm-none-eabi-8-2018-q4-major/bin/../lib/gcc/arm-none-eabi/8.2.1/../../../../arm-none-eabi/lib/thumb/v7e-m/nofp/libg_nano.a(lib_a-nano-vfprintf_i.o)
 .ARM.attributes
                0x00000000000004f1       0x1c /home/tjinmaij/eclipse/GCC ARM/gcc-arm-none-eabi-8-2018-q4-major/bin/../lib/gcc/arm-none-eabi/8.2.1/../../../../arm-none-eabi/lib/thumb/v7e-m/nofp/libg_nano.a(lib_a-memchr.o)
 .ARM.attributes
                0x000000000000050d       0x2e /home/tjinmaij/eclipse/GCC ARM/gcc-arm-none-eabi-8-2018-q4-major/bin/../lib/gcc/arm-none-eabi/8.2.1/../../../../arm-none-eabi/lib/thumb/v7e-m/nofp/libg_nano.a(lib_a-memcpy-stub.o)
 .ARM.attributes
                0x000000000000053b       0x2e /home/tjinmaij/eclipse/GCC ARM/gcc-arm-none-eabi-8-2018-q4-major/bin/../lib/gcc/arm-none-eabi/8.2.1/../../../../arm-none-eabi/lib/thumb/v7e-m/nofp/libg_nano.a(lib_a-memmove.o)
 .ARM.attributes
                0x0000000000000569       0x2e /home/tjinmaij/eclipse/GCC ARM/gcc-arm-none-eabi-8-2018-q4-major/bin/../lib/gcc/arm-none-eabi/8.2.1/../../../../arm-none-eabi/lib/thumb/v7e-m/nofp/libg_nano.a(lib_a-nano-freer.o)
 .ARM.attributes
                0x0000000000000597       0x2e /home/tjinmaij/eclipse/GCC ARM/gcc-arm-none-eabi-8-2018-q4-major/bin/../lib/gcc/arm-none-eabi/8.2.1/../../../../arm-none-eabi/lib/thumb/v7e-m/nofp/libg_nano.a(lib_a-nano-mallocr.o)
 .ARM.attributes
                0x00000000000005c5       0x2e /home/tjinmaij/eclipse/GCC ARM/gcc-arm-none-eabi-8-2018-q4-major/bin/../lib/gcc/arm-none-eabi/8.2.1/../../../../arm-none-eabi/lib/thumb/v7e-m/nofp/libg_nano.a(lib_a-nano-reallocr.o)
 .ARM.attributes
                0x00000000000005f3       0x2e /home/tjinmaij/eclipse/GCC ARM/gcc-arm-none-eabi-8-2018-q4-major/bin/../lib/gcc/arm-none-eabi/8.2.1/../../../../arm-none-eabi/lib/thumb/v7e-m/nofp/libg_nano.a(lib_a-sbrkr.o)
 .ARM.attributes
                0x0000000000000621       0x2e /home/tjinmaij/eclipse/GCC ARM/gcc-arm-none-eabi-8-2018-q4-major/bin/../lib/gcc/arm-none-eabi/8.2.1/../../../../arm-none-eabi/lib/thumb/v7e-m/nofp/libg_nano.a(lib_a-mlock.o)
 .ARM.attributes
                0x000000000000064f       0x2e /home/tjinmaij/eclipse/GCC ARM/gcc-arm-none-eabi-8-2018-q4-major/bin/../lib/gcc/arm-none-eabi/8.2.1/../../../../arm-none-eabi/lib/thumb/v7e-m/nofp/libg_nano.a(lib_a-nano-msizer.o)
 .ARM.attributes
                0x000000000000067d       0x2e /home/tjinmaij/eclipse/GCC ARM/gcc-arm-none-eabi-8-2018-q4-major/bin/../lib/gcc/arm-none-eabi/8.2.1/../../../../arm-none-eabi/lib/thumb/v7e-m/nofp/libg_nano.a(lib_a-lock.o)

.debug
 *(.debug)

.line
 *(.line)

.debug_srcinfo
 *(.debug_srcinfo)

.debug_sfnames
 *(.debug_sfnames)

.debug_aranges  0x0000000000000000      0x900
 *(.debug_aranges)
 .debug_aranges
                0x0000000000000000       0xd0 ./system/src/stm32f4-hal/stm32f4xx_hal.o
 .debug_aranges
                0x00000000000000d0       0x98 ./system/src/stm32f4-hal/stm32f4xx_hal_cortex.o
 .debug_aranges
                0x0000000000000168       0x58 ./system/src/stm32f4-hal/stm32f4xx_hal_gpio.o
 .debug_aranges
                0x00000000000001c0      0x268 ./system/src/stm32f4-hal/stm32f4xx_hal_i2c.o
 .debug_aranges
                0x0000000000000428       0x88 ./system/src/stm32f4-hal/stm32f4xx_hal_rcc.o
 .debug_aranges
                0x00000000000004b0      0x150 ./system/src/stm32f4-hal/stm32f4xx_hal_usart.o
 .debug_aranges
                0x0000000000000600       0x28 ./system/src/newlib/_exit.o
 .debug_aranges
                0x0000000000000628       0x20 ./system/src/newlib/_sbrk.o
 .debug_aranges
                0x0000000000000648       0x40 ./system/src/newlib/_startup.o
 .debug_aranges
                0x0000000000000688       0x30 ./system/src/newlib/_syscalls.o
 .debug_aranges
                0x00000000000006b8       0x28 ./system/src/newlib/assert.o
 .debug_aranges
                0x00000000000006e0       0x38 ./system/src/diag/Trace.o
 .debug_aranges
                0x0000000000000718       0x30 ./system/src/diag/trace_impl.o
 .debug_aranges
                0x0000000000000748       0x28 ./system/src/cortexm/_initialize_hardware.o
 .debug_aranges
                0x0000000000000770       0x90 ./system/src/cortexm/exception_handlers.o
 .debug_aranges
                0x0000000000000800       0x28 ./system/src/cmsis/system_stm32f4xx.o
 .debug_aranges
                0x0000000000000828       0x20 ./system/src/cmsis/vectors_stm32f429xx.o
 .debug_aranges
                0x0000000000000848       0x28 ./src/_initialize_hardware.o
 .debug_aranges
                0x0000000000000870       0x58 ./src/main.o
 .debug_aranges
                0x00000000000008c8       0x38 ./src/stm32f4xx_hal_msp.o

.debug_pubnames
 *(.debug_pubnames)

.debug_info     0x0000000000000000    0x16263
 *(.debug_info .gnu.linkonce.wi.*)
 .debug_info    0x0000000000000000     0x12f4 ./system/src/stm32f4-hal/stm32f4xx_hal.o
 .debug_info    0x00000000000012f4     0x1b71 ./system/src/stm32f4-hal/stm32f4xx_hal_cortex.o
 .debug_info    0x0000000000002e65     0x11f5 ./system/src/stm32f4-hal/stm32f4xx_hal_gpio.o
 .debug_info    0x000000000000405a     0x4162 ./system/src/stm32f4-hal/stm32f4xx_hal_i2c.o
 .debug_info    0x00000000000081bc     0x19c7 ./system/src/stm32f4-hal/stm32f4xx_hal_rcc.o
 .debug_info    0x0000000000009b83     0x203d ./system/src/stm32f4-hal/stm32f4xx_hal_usart.o
 .debug_info    0x000000000000bbc0      0x9e7 ./system/src/newlib/_exit.o
 .debug_info    0x000000000000c5a7      0x9d4 ./system/src/newlib/_sbrk.o
 .debug_info    0x000000000000cf7b      0x591 ./system/src/newlib/_startup.o
 .debug_info    0x000000000000d50c      0xab9 ./system/src/newlib/_syscalls.o
 .debug_info    0x000000000000dfc5      0xaaa ./system/src/newlib/assert.o
 .debug_info    0x000000000000ea6f      0xbdb ./system/src/diag/Trace.o
 .debug_info    0x000000000000f64a      0xc46 ./system/src/diag/trace_impl.o
 .debug_info    0x0000000000010290      0xb7f ./system/src/cortexm/_initialize_hardware.o
 .debug_info    0x0000000000010e0f     0x1296 ./system/src/cortexm/exception_handlers.o
 .debug_info    0x00000000000120a5      0xdc9 ./system/src/cmsis/system_stm32f4xx.o
 .debug_info    0x0000000000012e6e       0xce ./system/src/cmsis/vectors_stm32f429xx.o
 .debug_info    0x0000000000012f3c      0xdf2 ./src/_initialize_hardware.o
 .debug_info    0x0000000000013d2e     0x197b ./src/main.o
 .debug_info    0x00000000000156a9      0xbba ./src/stm32f4xx_hal_msp.o

.debug_abbrev   0x0000000000000000     0x36dd
 *(.debug_abbrev)
 .debug_abbrev  0x0000000000000000      0x384 ./system/src/stm32f4-hal/stm32f4xx_hal.o
 .debug_abbrev  0x0000000000000384      0x479 ./system/src/stm32f4-hal/stm32f4xx_hal_cortex.o
 .debug_abbrev  0x00000000000007fd      0x32f ./system/src/stm32f4-hal/stm32f4xx_hal_gpio.o
 .debug_abbrev  0x0000000000000b2c      0x346 ./system/src/stm32f4-hal/stm32f4xx_hal_i2c.o
 .debug_abbrev  0x0000000000000e72      0x404 ./system/src/stm32f4-hal/stm32f4xx_hal_rcc.o
 .debug_abbrev  0x0000000000001276      0x371 ./system/src/stm32f4-hal/stm32f4xx_hal_usart.o
 .debug_abbrev  0x00000000000015e7      0x222 ./system/src/newlib/_exit.o
 .debug_abbrev  0x0000000000001809      0x232 ./system/src/newlib/_sbrk.o
 .debug_abbrev  0x0000000000001a3b      0x203 ./system/src/newlib/_startup.o
 .debug_abbrev  0x0000000000001c3e      0x26d ./system/src/newlib/_syscalls.o
 .debug_abbrev  0x0000000000001eab      0x222 ./system/src/newlib/assert.o
 .debug_abbrev  0x00000000000020cd      0x2c6 ./system/src/diag/Trace.o
 .debug_abbrev  0x0000000000002393      0x34e ./system/src/diag/trace_impl.o
 .debug_abbrev  0x00000000000026e1      0x20a ./system/src/cortexm/_initialize_hardware.o
 .debug_abbrev  0x00000000000028eb      0x372 ./system/src/cortexm/exception_handlers.o
 .debug_abbrev  0x0000000000002c5d      0x250 ./system/src/cmsis/system_stm32f4xx.o
 .debug_abbrev  0x0000000000002ead       0xa5 ./system/src/cmsis/vectors_stm32f429xx.o
 .debug_abbrev  0x0000000000002f52      0x25d ./src/_initialize_hardware.o
 .debug_abbrev  0x00000000000031af      0x305 ./src/main.o
 .debug_abbrev  0x00000000000034b4      0x229 ./src/stm32f4xx_hal_msp.o

.debug_line     0x0000000000000000    0x128c6
 *(.debug_line)
 .debug_line    0x0000000000000000      0xd9f ./system/src/stm32f4-hal/stm32f4xx_hal.o
 .debug_line    0x0000000000000d9f     0x1069 ./system/src/stm32f4-hal/stm32f4xx_hal_cortex.o
 .debug_line    0x0000000000001e08     0x1125 ./system/src/stm32f4-hal/stm32f4xx_hal_gpio.o
 .debug_line    0x0000000000002f2d     0x52c9 ./system/src/stm32f4-hal/stm32f4xx_hal_i2c.o
 .debug_line    0x00000000000081f6     0x15e6 ./system/src/stm32f4-hal/stm32f4xx_hal_rcc.o
 .debug_line    0x00000000000097dc     0x2270 ./system/src/stm32f4-hal/stm32f4xx_hal_usart.o
 .debug_line    0x000000000000ba4c      0x38e ./system/src/newlib/_exit.o
 .debug_line    0x000000000000bdda      0x37f ./system/src/newlib/_sbrk.o
 .debug_line    0x000000000000c159      0x5f8 ./system/src/newlib/_startup.o
 .debug_line    0x000000000000c751      0x499 ./system/src/newlib/_syscalls.o
 .debug_line    0x000000000000cbea      0x3d1 ./system/src/newlib/assert.o
 .debug_line    0x000000000000cfbb      0x46a ./system/src/diag/Trace.o
 .debug_line    0x000000000000d425      0xbe9 ./system/src/diag/trace_impl.o
 .debug_line    0x000000000000e00e      0xae5 ./system/src/cortexm/_initialize_hardware.o
 .debug_line    0x000000000000eaf3      0xdcb ./system/src/cortexm/exception_handlers.o
 .debug_line    0x000000000000f8be      0xba8 ./system/src/cmsis/system_stm32f4xx.o
 .debug_line    0x0000000000010466      0x11b ./system/src/cmsis/vectors_stm32f429xx.o
 .debug_line    0x0000000000010581      0xb44 ./src/_initialize_hardware.o
 .debug_line    0x00000000000110c5      0xd1c ./src/main.o
 .debug_line    0x0000000000011de1      0xae5 ./src/stm32f4xx_hal_msp.o

.debug_frame    0x0000000000000000     0x1b60
 *(.debug_frame)
 .debug_frame   0x0000000000000000      0x1a8 ./system/src/stm32f4-hal/stm32f4xx_hal.o
 .debug_frame   0x00000000000001a8      0x17c ./system/src/stm32f4-hal/stm32f4xx_hal_cortex.o
 .debug_frame   0x0000000000000324       0xfc ./system/src/stm32f4-hal/stm32f4xx_hal_gpio.o
 .debug_frame   0x0000000000000420      0x874 ./system/src/stm32f4-hal/stm32f4xx_hal_i2c.o
 .debug_frame   0x0000000000000c94      0x13c ./system/src/stm32f4-hal/stm32f4xx_hal_rcc.o
 .debug_frame   0x0000000000000dd0      0x3ac ./system/src/stm32f4-hal/stm32f4xx_hal_usart.o
 .debug_frame   0x000000000000117c       0x38 ./system/src/newlib/_exit.o
 .debug_frame   0x00000000000011b4       0x28 ./system/src/newlib/_sbrk.o
 .debug_frame   0x00000000000011dc       0x7c ./system/src/newlib/_startup.o
 .debug_frame   0x0000000000001258       0x50 ./system/src/newlib/_syscalls.o
 .debug_frame   0x00000000000012a8       0x40 ./system/src/newlib/assert.o
 .debug_frame   0x00000000000012e8       0x94 ./system/src/diag/Trace.o
 .debug_frame   0x000000000000137c       0x64 ./system/src/diag/trace_impl.o
 .debug_frame   0x00000000000013e0       0x40 ./system/src/cortexm/_initialize_hardware.o
 .debug_frame   0x0000000000001420      0x158 ./system/src/cortexm/exception_handlers.o
 .debug_frame   0x0000000000001578       0x30 ./system/src/cmsis/system_stm32f4xx.o
 .debug_frame   0x00000000000015a8       0x20 ./system/src/cmsis/vectors_stm32f429xx.o
 .debug_frame   0x00000000000015c8       0x48 ./src/_initialize_hardware.o
 .debug_frame   0x0000000000001610       0xf0 ./src/main.o
 .debug_frame   0x0000000000001700       0x58 ./src/stm32f4xx_hal_msp.o
 .debug_frame   0x0000000000001758       0x20 /home/tjinmaij/eclipse/GCC ARM/gcc-arm-none-eabi-8-2018-q4-major/bin/../lib/gcc/arm-none-eabi/8.2.1/../../../../arm-none-eabi/lib/thumb/v7e-m/nofp/libg_nano.a(lib_a-errno.o)
 .debug_frame   0x0000000000001778       0x20 /home/tjinmaij/eclipse/GCC ARM/gcc-arm-none-eabi-8-2018-q4-major/bin/../lib/gcc/arm-none-eabi/8.2.1/../../../../arm-none-eabi/lib/thumb/v7e-m/nofp/libg_nano.a(lib_a-memset.o)
 .debug_frame   0x0000000000001798       0x6c /home/tjinmaij/eclipse/GCC ARM/gcc-arm-none-eabi-8-2018-q4-major/bin/../lib/gcc/arm-none-eabi/8.2.1/../../../../arm-none-eabi/lib/thumb/v7e-m/nofp/libg_nano.a(lib_a-sprintf.o)
 .debug_frame   0x0000000000001804       0x4c /home/tjinmaij/eclipse/GCC ARM/gcc-arm-none-eabi-8-2018-q4-major/bin/../lib/gcc/arm-none-eabi/8.2.1/../../../../arm-none-eabi/lib/thumb/v7e-m/nofp/libg_nano.a(lib_a-vsnprintf.o)
 .debug_frame   0x0000000000001850       0x90 /home/tjinmaij/eclipse/GCC ARM/gcc-arm-none-eabi-8-2018-q4-major/bin/../lib/gcc/arm-none-eabi/8.2.1/../../../../arm-none-eabi/lib/thumb/v7e-m/nofp/libg_nano.a(lib_a-nano-svfprintf.o)
 .debug_frame   0x00000000000018e0       0x60 /home/tjinmaij/eclipse/GCC ARM/gcc-arm-none-eabi-8-2018-q4-major/bin/../lib/gcc/arm-none-eabi/8.2.1/../../../../arm-none-eabi/lib/thumb/v7e-m/nofp/libg_nano.a(lib_a-nano-vfprintf_i.o)
 .debug_frame   0x0000000000001940       0x28 /home/tjinmaij/eclipse/GCC ARM/gcc-arm-none-eabi-8-2018-q4-major/bin/../lib/gcc/arm-none-eabi/8.2.1/../../../../arm-none-eabi/lib/thumb/v7e-m/nofp/libg_nano.a(lib_a-memcpy-stub.o)
 .debug_frame   0x0000000000001968       0x28 /home/tjinmaij/eclipse/GCC ARM/gcc-arm-none-eabi-8-2018-q4-major/bin/../lib/gcc/arm-none-eabi/8.2.1/../../../../arm-none-eabi/lib/thumb/v7e-m/nofp/libg_nano.a(lib_a-memmove.o)
 .debug_frame   0x0000000000001990       0x38 /home/tjinmaij/eclipse/GCC ARM/gcc-arm-none-eabi-8-2018-q4-major/bin/../lib/gcc/arm-none-eabi/8.2.1/../../../../arm-none-eabi/lib/thumb/v7e-m/nofp/libg_nano.a(lib_a-nano-freer.o)
 .debug_frame   0x00000000000019c8       0x30 /home/tjinmaij/eclipse/GCC ARM/gcc-arm-none-eabi-8-2018-q4-major/bin/../lib/gcc/arm-none-eabi/8.2.1/../../../../arm-none-eabi/lib/thumb/v7e-m/nofp/libg_nano.a(lib_a-nano-mallocr.o)
 .debug_frame   0x00000000000019f8       0x3c /home/tjinmaij/eclipse/GCC ARM/gcc-arm-none-eabi-8-2018-q4-major/bin/../lib/gcc/arm-none-eabi/8.2.1/../../../../arm-none-eabi/lib/thumb/v7e-m/nofp/libg_nano.a(lib_a-nano-reallocr.o)
 .debug_frame   0x0000000000001a34       0x2c /home/tjinmaij/eclipse/GCC ARM/gcc-arm-none-eabi-8-2018-q4-major/bin/../lib/gcc/arm-none-eabi/8.2.1/../../../../arm-none-eabi/lib/thumb/v7e-m/nofp/libg_nano.a(lib_a-sbrkr.o)
 .debug_frame   0x0000000000001a60       0x30 /home/tjinmaij/eclipse/GCC ARM/gcc-arm-none-eabi-8-2018-q4-major/bin/../lib/gcc/arm-none-eabi/8.2.1/../../../../arm-none-eabi/lib/thumb/v7e-m/nofp/libg_nano.a(lib_a-mlock.o)
 .debug_frame   0x0000000000001a90       0x20 /home/tjinmaij/eclipse/GCC ARM/gcc-arm-none-eabi-8-2018-q4-major/bin/../lib/gcc/arm-none-eabi/8.2.1/../../../../arm-none-eabi/lib/thumb/v7e-m/nofp/libg_nano.a(lib_a-nano-msizer.o)
 .debug_frame   0x0000000000001ab0       0xb0 /home/tjinmaij/eclipse/GCC ARM/gcc-arm-none-eabi-8-2018-q4-major/bin/../lib/gcc/arm-none-eabi/8.2.1/../../../../arm-none-eabi/lib/thumb/v7e-m/nofp/libg_nano.a(lib_a-lock.o)

.debug_str      0x0000000000000000    0xaa469
 *(.debug_str)
 .debug_str     0x0000000000000000    0xa53aa ./system/src/stm32f4-hal/stm32f4xx_hal.o
                                      0xa57e4 (size before relaxing)
 .debug_str     0x00000000000a53aa      0x37b ./system/src/stm32f4-hal/stm32f4xx_hal_cortex.o
                                      0xa5612 (size before relaxing)
 .debug_str     0x00000000000a5725      0x2d7 ./system/src/stm32f4-hal/stm32f4xx_hal_gpio.o
                                      0xa4fd7 (size before relaxing)
 .debug_str     0x00000000000a59fc      0xf54 ./system/src/stm32f4-hal/stm32f4xx_hal_i2c.o
                                      0xa5bac (size before relaxing)
 .debug_str     0x00000000000a6950      0x37e ./system/src/stm32f4-hal/stm32f4xx_hal_rcc.o
                                      0xa5165 (size before relaxing)
 .debug_str     0x00000000000a6cce      0x54f ./system/src/stm32f4-hal/stm32f4xx_hal_usart.o
                                      0xa5442 (size before relaxing)
 .debug_str     0x00000000000a721d     0x10ff ./system/src/newlib/_exit.o
                                       0x7e89 (size before relaxing)
 .debug_str     0x00000000000a831c      0x4f5 ./system/src/newlib/_sbrk.o
                                       0x723b (size before relaxing)
 .debug_str     0x00000000000a8811      0x2c6 ./system/src/newlib/_startup.o
                                       0x69dc (size before relaxing)
 .debug_str     0x00000000000a8ad7      0xf90 ./system/src/newlib/_syscalls.o
                                       0x822a (size before relaxing)
 .debug_str     0x00000000000a9a67       0xd0 ./system/src/newlib/assert.o
                                       0x898e (size before relaxing)
 .debug_str     0x00000000000a9b37      0x176 ./system/src/diag/Trace.o
                                       0x8601 (size before relaxing)
 .debug_str     0x00000000000a9cad      0x37b ./system/src/diag/trace_impl.o
                                      0xa5ee1 (size before relaxing)
 .debug_str     0x00000000000aa028       0x5e ./system/src/cortexm/_initialize_hardware.o
                                      0xa4c73 (size before relaxing)
 .debug_str     0x00000000000aa086      0x19d ./system/src/cortexm/exception_handlers.o
                                      0xa606b (size before relaxing)
 .debug_str     0x00000000000aa223       0x46 ./system/src/cmsis/system_stm32f4xx.o
                                      0xa4d55 (size before relaxing)
 .debug_str     0x00000000000aa269       0x59 ./system/src/cmsis/vectors_stm32f429xx.o
                                       0x3923 (size before relaxing)
 .debug_str     0x00000000000aa2c2       0x31 ./src/_initialize_hardware.o
                                      0xa4e6b (size before relaxing)
 .debug_str     0x00000000000aa2f3      0x139 ./src/main.o
                                      0xa561e (size before relaxing)
 .debug_str     0x00000000000aa42c       0x3d ./src/stm32f4xx_hal_msp.o
                                      0xa4cd1 (size before relaxing)

.debug_loc      0x0000000000000000     0x7b69
 *(.debug_loc)
 .debug_loc     0x0000000000000000      0x135 ./system/src/stm32f4-hal/stm32f4xx_hal.o
 .debug_loc     0x0000000000000135      0x8cf ./system/src/stm32f4-hal/stm32f4xx_hal_cortex.o
 .debug_loc     0x0000000000000a04      0x663 ./system/src/stm32f4-hal/stm32f4xx_hal_gpio.o
 .debug_loc     0x0000000000001067     0x3b0a ./system/src/stm32f4-hal/stm32f4xx_hal_i2c.o
 .debug_loc     0x0000000000004b71      0x7a1 ./system/src/stm32f4-hal/stm32f4xx_hal_rcc.o
 .debug_loc     0x0000000000005312     0x1921 ./system/src/stm32f4-hal/stm32f4xx_hal_usart.o
 .debug_loc     0x0000000000006c33       0x15 ./system/src/newlib/_exit.o
 .debug_loc     0x0000000000006c48       0x97 ./system/src/newlib/_sbrk.o
 .debug_loc     0x0000000000006cdf      0x465 ./system/src/newlib/_startup.o
 .debug_loc     0x0000000000007144       0x6f ./system/src/newlib/_syscalls.o
 .debug_loc     0x00000000000071b3      0x160 ./system/src/newlib/assert.o
 .debug_loc     0x0000000000007313      0x118 ./system/src/diag/Trace.o
 .debug_loc     0x000000000000742b      0x1a1 ./system/src/diag/trace_impl.o
 .debug_loc     0x00000000000075cc      0x35c ./system/src/cortexm/exception_handlers.o
 .debug_loc     0x0000000000007928      0x16c ./system/src/cmsis/system_stm32f4xx.o
 .debug_loc     0x0000000000007a94       0xd5 ./src/main.o

.debug_macinfo
 *(.debug_macinfo)

.debug_weaknames
 *(.debug_weaknames)

.debug_funcnames
 *(.debug_funcnames)

.debug_typenames
 *(.debug_typenames)

.debug_varnames
 *(.debug_varnames)
OUTPUT(elepro.elf elf32-littlearm)

.debug_ranges   0x0000000000000000      0x898
 .debug_ranges  0x0000000000000000       0xc0 ./system/src/stm32f4-hal/stm32f4xx_hal.o
 .debug_ranges  0x00000000000000c0       0xe8 ./system/src/stm32f4-hal/stm32f4xx_hal_cortex.o
 .debug_ranges  0x00000000000001a8       0x48 ./system/src/stm32f4-hal/stm32f4xx_hal_gpio.o
 .debug_ranges  0x00000000000001f0      0x258 ./system/src/stm32f4-hal/stm32f4xx_hal_i2c.o
 .debug_ranges  0x0000000000000448       0x78 ./system/src/stm32f4-hal/stm32f4xx_hal_rcc.o
 .debug_ranges  0x00000000000004c0      0x140 ./system/src/stm32f4-hal/stm32f4xx_hal_usart.o
 .debug_ranges  0x0000000000000600       0x18 ./system/src/newlib/_exit.o
 .debug_ranges  0x0000000000000618       0x10 ./system/src/newlib/_sbrk.o
 .debug_ranges  0x0000000000000628       0x78 ./system/src/newlib/_startup.o
 .debug_ranges  0x00000000000006a0       0x20 ./system/src/newlib/_syscalls.o
 .debug_ranges  0x00000000000006c0       0x18 ./system/src/newlib/assert.o
 .debug_ranges  0x00000000000006d8       0x28 ./system/src/diag/Trace.o
 .debug_ranges  0x0000000000000700       0x38 ./system/src/diag/trace_impl.o
 .debug_ranges  0x0000000000000738       0x18 ./system/src/cortexm/_initialize_hardware.o
 .debug_ranges  0x0000000000000750       0x98 ./system/src/cortexm/exception_handlers.o
 .debug_ranges  0x00000000000007e8       0x18 ./system/src/cmsis/system_stm32f4xx.o
 .debug_ranges  0x0000000000000800       0x10 ./system/src/cmsis/vectors_stm32f429xx.o
 .debug_ranges  0x0000000000000810       0x18 ./src/_initialize_hardware.o
 .debug_ranges  0x0000000000000828       0x48 ./src/main.o
 .debug_ranges  0x0000000000000870       0x28 ./src/stm32f4xx_hal_msp.o

.debug_macro    0x0000000000000000    0x1eaef
 .debug_macro   0x0000000000000000      0x573 ./system/src/stm32f4-hal/stm32f4xx_hal.o
 .debug_macro   0x0000000000000573      0xaa2 ./system/src/stm32f4-hal/stm32f4xx_hal.o
 .debug_macro   0x0000000000001015      0x289 ./system/src/stm32f4-hal/stm32f4xx_hal.o
 .debug_macro   0x000000000000129e       0x31 ./system/src/stm32f4-hal/stm32f4xx_hal.o
 .debug_macro   0x00000000000012cf       0x28 ./system/src/stm32f4-hal/stm32f4xx_hal.o
 .debug_macro   0x00000000000012f7      0x34e ./system/src/stm32f4-hal/stm32f4xx_hal.o
 .debug_macro   0x0000000000001645       0x35 ./system/src/stm32f4-hal/stm32f4xx_hal.o
 .debug_macro   0x000000000000167a       0x50 ./system/src/stm32f4-hal/stm32f4xx_hal.o
 .debug_macro   0x00000000000016ca      0xe66 ./system/src/stm32f4-hal/stm32f4xx_hal.o
 .debug_macro   0x0000000000002530     0xa373 ./system/src/stm32f4-hal/stm32f4xx_hal.o
 .debug_macro   0x000000000000c8a3       0x43 ./system/src/stm32f4-hal/stm32f4xx_hal.o
 .debug_macro   0x000000000000c8e6     0x34ef ./system/src/stm32f4-hal/stm32f4xx_hal.o
 .debug_macro   0x000000000000fdd5       0x22 ./system/src/stm32f4-hal/stm32f4xx_hal.o
 .debug_macro   0x000000000000fdf7       0x58 ./system/src/stm32f4-hal/stm32f4xx_hal.o
 .debug_macro   0x000000000000fe4f       0x18 ./system/src/stm32f4-hal/stm32f4xx_hal.o
 .debug_macro   0x000000000000fe67       0x94 ./system/src/stm32f4-hal/stm32f4xx_hal.o
 .debug_macro   0x000000000000fefb       0x35 ./system/src/stm32f4-hal/stm32f4xx_hal.o
 .debug_macro   0x000000000000ff30       0x34 ./system/src/stm32f4-hal/stm32f4xx_hal.o
 .debug_macro   0x000000000000ff64       0x16 ./system/src/stm32f4-hal/stm32f4xx_hal.o
 .debug_macro   0x000000000000ff7a       0x57 ./system/src/stm32f4-hal/stm32f4xx_hal.o
 .debug_macro   0x000000000000ffd1       0x97 ./system/src/stm32f4-hal/stm32f4xx_hal.o
 .debug_macro   0x0000000000010068      0x339 ./system/src/stm32f4-hal/stm32f4xx_hal.o
 .debug_macro   0x00000000000103a1       0xfd ./system/src/stm32f4-hal/stm32f4xx_hal.o
 .debug_macro   0x000000000001049e       0x10 ./system/src/stm32f4-hal/stm32f4xx_hal.o
 .debug_macro   0x00000000000104ae       0x58 ./system/src/stm32f4-hal/stm32f4xx_hal.o
 .debug_macro   0x0000000000010506       0x1f ./system/src/stm32f4-hal/stm32f4xx_hal.o
 .debug_macro   0x0000000000010525       0x43 ./system/src/stm32f4-hal/stm32f4xx_hal.o
 .debug_macro   0x0000000000010568       0x20 ./system/src/stm32f4-hal/stm32f4xx_hal.o
 .debug_macro   0x0000000000010588      0x18e ./system/src/stm32f4-hal/stm32f4xx_hal.o
 .debug_macro   0x0000000000010716       0x10 ./system/src/stm32f4-hal/stm32f4xx_hal.o
 .debug_macro   0x0000000000010726       0x6a ./system/src/stm32f4-hal/stm32f4xx_hal.o
 .debug_macro   0x0000000000010790       0x1c ./system/src/stm32f4-hal/stm32f4xx_hal.o
 .debug_macro   0x00000000000107ac       0x52 ./system/src/stm32f4-hal/stm32f4xx_hal.o
 .debug_macro   0x00000000000107fe       0x40 ./system/src/stm32f4-hal/stm32f4xx_hal.o
 .debug_macro   0x000000000001083e       0x10 ./system/src/stm32f4-hal/stm32f4xx_hal.o
 .debug_macro   0x000000000001084e       0x40 ./system/src/stm32f4-hal/stm32f4xx_hal.o
 .debug_macro   0x000000000001088e       0xd7 ./system/src/stm32f4-hal/stm32f4xx_hal.o
 .debug_macro   0x0000000000010965       0x1c ./system/src/stm32f4-hal/stm32f4xx_hal.o
 .debug_macro   0x0000000000010981       0x3d ./system/src/stm32f4-hal/stm32f4xx_hal.o
 .debug_macro   0x00000000000109be       0x16 ./system/src/stm32f4-hal/stm32f4xx_hal.o
 .debug_macro   0x00000000000109d4      0x16f ./system/src/stm32f4-hal/stm32f4xx_hal.o
 .debug_macro   0x0000000000010b43       0x57 ./system/src/stm32f4-hal/stm32f4xx_hal.o
 .debug_macro   0x0000000000010b9a      0xc9e ./system/src/stm32f4-hal/stm32f4xx_hal.o
 .debug_macro   0x0000000000011838      0x9e1 ./system/src/stm32f4-hal/stm32f4xx_hal.o
 .debug_macro   0x0000000000012219      0x11e ./system/src/stm32f4-hal/stm32f4xx_hal.o
 .debug_macro   0x0000000000012337      0x161 ./system/src/stm32f4-hal/stm32f4xx_hal.o
 .debug_macro   0x0000000000012498       0x27 ./system/src/stm32f4-hal/stm32f4xx_hal.o
 .debug_macro   0x00000000000124bf      0x287 ./system/src/stm32f4-hal/stm32f4xx_hal.o
 .debug_macro   0x0000000000012746       0x5f ./system/src/stm32f4-hal/stm32f4xx_hal.o
 .debug_macro   0x00000000000127a5      0x23a ./system/src/stm32f4-hal/stm32f4xx_hal.o
 .debug_macro   0x00000000000129df      0x391 ./system/src/stm32f4-hal/stm32f4xx_hal.o
 .debug_macro   0x0000000000012d70      0x17d ./system/src/stm32f4-hal/stm32f4xx_hal.o
 .debug_macro   0x0000000000012eed       0xf9 ./system/src/stm32f4-hal/stm32f4xx_hal.o
 .debug_macro   0x0000000000012fe6      0x36e ./system/src/stm32f4-hal/stm32f4xx_hal.o
 .debug_macro   0x0000000000013354       0x23 ./system/src/stm32f4-hal/stm32f4xx_hal.o
 .debug_macro   0x0000000000013377      0x201 ./system/src/stm32f4-hal/stm32f4xx_hal.o
 .debug_macro   0x0000000000013578       0xe6 ./system/src/stm32f4-hal/stm32f4xx_hal.o
 .debug_macro   0x000000000001365e       0xa1 ./system/src/stm32f4-hal/stm32f4xx_hal.o
 .debug_macro   0x00000000000136ff       0x3c ./system/src/stm32f4-hal/stm32f4xx_hal.o
 .debug_macro   0x000000000001373b       0x1f ./system/src/stm32f4-hal/stm32f4xx_hal.o
 .debug_macro   0x000000000001375a      0x1cd ./system/src/stm32f4-hal/stm32f4xx_hal.o
 .debug_macro   0x0000000000013927      0xcd6 ./system/src/stm32f4-hal/stm32f4xx_hal.o
 .debug_macro   0x00000000000145fd      0x13a ./system/src/stm32f4-hal/stm32f4xx_hal.o
 .debug_macro   0x0000000000014737      0x41d ./system/src/stm32f4-hal/stm32f4xx_hal.o
 .debug_macro   0x0000000000014b54       0x2e ./system/src/stm32f4-hal/stm32f4xx_hal.o
 .debug_macro   0x0000000000014b82      0x582 ./system/src/stm32f4-hal/stm32f4xx_hal.o
 .debug_macro   0x0000000000015104       0x88 ./system/src/stm32f4-hal/stm32f4xx_hal.o
 .debug_macro   0x000000000001518c       0xd5 ./system/src/stm32f4-hal/stm32f4xx_hal.o
 .debug_macro   0x0000000000015261      0x183 ./system/src/stm32f4-hal/stm32f4xx_hal.o
 .debug_macro   0x00000000000153e4       0x10 ./system/src/stm32f4-hal/stm32f4xx_hal.o
 .debug_macro   0x00000000000153f4      0x1a7 ./system/src/stm32f4-hal/stm32f4xx_hal.o
 .debug_macro   0x000000000001559b       0x22 ./system/src/stm32f4-hal/stm32f4xx_hal.o
 .debug_macro   0x00000000000155bd       0xa5 ./system/src/stm32f4-hal/stm32f4xx_hal.o
 .debug_macro   0x0000000000015662      0x18b ./system/src/stm32f4-hal/stm32f4xx_hal.o
 .debug_macro   0x00000000000157ed       0x24 ./system/src/stm32f4-hal/stm32f4xx_hal.o
 .debug_macro   0x0000000000015811       0x35 ./system/src/stm32f4-hal/stm32f4xx_hal.o
 .debug_macro   0x0000000000015846       0x79 ./system/src/stm32f4-hal/stm32f4xx_hal.o
 .debug_macro   0x00000000000158bf      0x183 ./system/src/stm32f4-hal/stm32f4xx_hal.o
 .debug_macro   0x0000000000015a42       0xd6 ./system/src/stm32f4-hal/stm32f4xx_hal.o
 .debug_macro   0x0000000000015b18      0x11e ./system/src/stm32f4-hal/stm32f4xx_hal.o
 .debug_macro   0x0000000000015c36       0xe2 ./system/src/stm32f4-hal/stm32f4xx_hal.o
 .debug_macro   0x0000000000015d18       0x89 ./system/src/stm32f4-hal/stm32f4xx_hal.o
 .debug_macro   0x0000000000015da1       0x7e ./system/src/stm32f4-hal/stm32f4xx_hal.o
 .debug_macro   0x0000000000015e1f      0x31a ./system/src/stm32f4-hal/stm32f4xx_hal.o
 .debug_macro   0x0000000000016139      0x409 ./system/src/stm32f4-hal/stm32f4xx_hal.o
 .debug_macro   0x0000000000016542       0xe4 ./system/src/stm32f4-hal/stm32f4xx_hal.o
 .debug_macro   0x0000000000016626      0x39f ./system/src/stm32f4-hal/stm32f4xx_hal.o
 .debug_macro   0x00000000000169c5       0xcf ./system/src/stm32f4-hal/stm32f4xx_hal.o
 .debug_macro   0x0000000000016a94      0x48d ./system/src/stm32f4-hal/stm32f4xx_hal.o
 .debug_macro   0x0000000000016f21      0x22b ./system/src/stm32f4-hal/stm32f4xx_hal.o
 .debug_macro   0x000000000001714c      0x202 ./system/src/stm32f4-hal/stm32f4xx_hal.o
 .debug_macro   0x000000000001734e      0x6d9 ./system/src/stm32f4-hal/stm32f4xx_hal.o
 .debug_macro   0x0000000000017a27       0x5b ./system/src/stm32f4-hal/stm32f4xx_hal.o
 .debug_macro   0x0000000000017a82      0x14d ./system/src/stm32f4-hal/stm32f4xx_hal.o
 .debug_macro   0x0000000000017bcf      0x287 ./system/src/stm32f4-hal/stm32f4xx_hal.o
 .debug_macro   0x0000000000017e56      0x225 ./system/src/stm32f4-hal/stm32f4xx_hal.o
 .debug_macro   0x000000000001807b      0x1b5 ./system/src/stm32f4-hal/stm32f4xx_hal.o
 .debug_macro   0x0000000000018230      0x2db ./system/src/stm32f4-hal/stm32f4xx_hal.o
 .debug_macro   0x000000000001850b       0x89 ./system/src/stm32f4-hal/stm32f4xx_hal.o
 .debug_macro   0x0000000000018594      0x1df ./system/src/stm32f4-hal/stm32f4xx_hal.o
 .debug_macro   0x0000000000018773      0x115 ./system/src/stm32f4-hal/stm32f4xx_hal.o
 .debug_macro   0x0000000000018888       0x6e ./system/src/stm32f4-hal/stm32f4xx_hal.o
 .debug_macro   0x00000000000188f6      0x12c ./system/src/stm32f4-hal/stm32f4xx_hal.o
 .debug_macro   0x0000000000018a22      0x525 ./system/src/stm32f4-hal/stm32f4xx_hal_cortex.o
 .debug_macro   0x0000000000018f47      0x55d ./system/src/stm32f4-hal/stm32f4xx_hal_gpio.o
 .debug_macro   0x00000000000194a4      0x56c ./system/src/stm32f4-hal/stm32f4xx_hal_i2c.o
 .debug_macro   0x0000000000019a10      0x54f ./system/src/stm32f4-hal/stm32f4xx_hal_rcc.o
 .debug_macro   0x0000000000019f5f      0x534 ./system/src/stm32f4-hal/stm32f4xx_hal_usart.o
 .debug_macro   0x000000000001a493      0x1b4 ./system/src/newlib/_exit.o
 .debug_macro   0x000000000001a647      0x10e ./system/src/newlib/_exit.o
 .debug_macro   0x000000000001a755       0x8d ./system/src/newlib/_exit.o
 .debug_macro   0x000000000001a7e2       0x35 ./system/src/newlib/_exit.o
 .debug_macro   0x000000000001a817      0x169 ./system/src/newlib/_sbrk.o
 .debug_macro   0x000000000001a980      0x174 ./system/src/newlib/_sbrk.o
 .debug_macro   0x000000000001aaf4       0x10 ./system/src/newlib/_sbrk.o
 .debug_macro   0x000000000001ab04      0x23b ./system/src/newlib/_sbrk.o
 .debug_macro   0x000000000001ad3f      0x173 ./system/src/newlib/_startup.o
 .debug_macro   0x000000000001aeb2      0xaa8 ./system/src/newlib/_startup.o
 .debug_macro   0x000000000001b95a      0x226 ./system/src/newlib/_syscalls.o
 .debug_macro   0x000000000001bb80       0x1c ./system/src/newlib/_syscalls.o
 .debug_macro   0x000000000001bb9c       0x10 ./system/src/newlib/_syscalls.o
 .debug_macro   0x000000000001bbac       0x10 ./system/src/newlib/_syscalls.o
 .debug_macro   0x000000000001bbbc       0x10 ./system/src/newlib/_syscalls.o
 .debug_macro   0x000000000001bbcc       0x35 ./system/src/newlib/_syscalls.o
 .debug_macro   0x000000000001bc01      0x122 ./system/src/newlib/_syscalls.o
 .debug_macro   0x000000000001bd23       0x88 ./system/src/newlib/_syscalls.o
 .debug_macro   0x000000000001bdab       0x7c ./system/src/newlib/_syscalls.o
 .debug_macro   0x000000000001be27       0x17 ./system/src/newlib/_syscalls.o
 .debug_macro   0x000000000001be3e      0x118 ./system/src/newlib/_syscalls.o
 .debug_macro   0x000000000001bf56      0x189 ./system/src/newlib/_syscalls.o
 .debug_macro   0x000000000001c0df       0x16 ./system/src/newlib/_syscalls.o
 .debug_macro   0x000000000001c0f5      0x1d0 ./system/src/newlib/assert.o
 .debug_macro   0x000000000001c2c5       0x1c ./system/src/newlib/assert.o
 .debug_macro   0x000000000001c2e1      0x1fb ./system/src/diag/Trace.o
 .debug_macro   0x000000000001c4dc       0x4c ./system/src/diag/Trace.o
 .debug_macro   0x000000000001c528       0x16 ./system/src/diag/Trace.o
 .debug_macro   0x000000000001c53e      0x56b ./system/src/diag/trace_impl.o
 .debug_macro   0x000000000001caa9       0x22 ./system/src/diag/trace_impl.o
 .debug_macro   0x000000000001cacb      0x52f ./system/src/cortexm/_initialize_hardware.o
 .debug_macro   0x000000000001cffa      0x598 ./system/src/cortexm/exception_handlers.o
 .debug_macro   0x000000000001d592       0x3b ./system/src/cortexm/exception_handlers.o
 .debug_macro   0x000000000001d5cd      0x52b ./system/src/cmsis/system_stm32f4xx.o
 .debug_macro   0x000000000001daf8       0x34 ./system/src/cmsis/vectors_stm32f429xx.o
 .debug_macro   0x000000000001db2c      0x525 ./src/_initialize_hardware.o
 .debug_macro   0x000000000001e051      0x579 ./src/main.o
 .debug_macro   0x000000000001e5ca      0x525 ./src/stm32f4xx_hal_msp.o
